<html>
<body>
<pre>
<h1>µVision Build Log</h1>
<h2>Tool Versions:</h2>
IDE-Version: ¦ÌVision V5.35.0.0
Copyright (C) 2021 ARM Ltd and ARM Germany GmbH. All rights reserved.
License Information: qqq admin, qqq, LIC=CRMW3-A32BG-HR8XN-YLIQC-L22WC-N1LJU
 
Tool Versions:
Toolchain:       MDK-ARM Professional  Version: 5.35.0.2
Toolchain Path:  C:\Keil_v5\ARM\ARMCC\Bin
C Compiler:      Armcc.exe V5.06 update 7 (build 960)
Assembler:       Armasm.exe V5.06 update 7 (build 960)
Linker/Locator:  ArmLink.exe V5.06 update 7 (build 960)
Library Manager: ArmAr.exe V5.06 update 7 (build 960)
Hex Converter:   FromElf.exe V5.06 update 7 (build 960)
CPU DLL:         SARMCM3.DLL V5.35.0.2
Dialog DLL:      DCM.DLL V1.17.3.0
Target DLL:      STLink\ST-LINKIII-KEIL_SWO.dll V3.0.9.0
Dialog DLL:      TCM.DLL V1.53.0.0
 
<h2>Project:</h2>
D:\stm32-ili9341-master\MDK-ARM\main.uvprojx
Project File Date:  07/29/2024

<h2>Output:</h2>
*** Using Compiler 'V5.06 update 7 (build 960)', folder: 'C:\Keil_v5\ARM\ARMCC\Bin'
Rebuild target 'main'
assembling startup_stm32f411xe.s...
compiling stm32f4xx_it.c...
compiling stm32f4xx_hal_msp.c...
compiling stm32f4xx_hal_flash.c...
compiling stm32f4xx_hal_rcc_ex.c...
compiling stm32f4xx_hal_rcc.c...
compiling main.c...
../Lib/ili9341/ili9341.h(67): warning:  #1295-D: Deprecated declaration ILI9341_Unselect - give arg types
  void ILI9341_Unselect();
../Lib/ili9341/ili9341_touch.h(31): warning:  #1295-D: Deprecated declaration ILI9341_TouchUnselect - give arg types
  void ILI9341_TouchUnselect();
../Lib/ili9341/ili9341_touch.h(33): warning:  #1295-D: Deprecated declaration ILI9341_TouchPressed - give arg types
  bool ILI9341_TouchPressed();
../Src/main.c(75): warning:  #223-D: function "vsnprintf" declared implicitly
      vsnprintf(buff, sizeof(buff), fmt, args);
../Src/main.c: 4 warnings, 0 errors
compiling stm32f4xx_hal_spi.c...
compiling stm32f4xx_hal_flash_ex.c...
compiling stm32f4xx_hal_flash_ramfunc.c...
compiling stm32f4xx_hal_gpio.c...
compiling stm32f4xx_hal_pwr.c...
compiling stm32f4xx_hal_dma.c...
compiling stm32f4xx_hal_pwr_ex.c...
compiling stm32f4xx_hal_dma_ex.c...
compiling stm32f4xx_hal_cortex.c...
compiling stm32f4xx_hal_tim.c...
compiling stm32f4xx_hal_exti.c...
compiling stm32f4xx_hal.c...
compiling stm32f4xx_hal_tim_ex.c...
compiling system_stm32f4xx.c...
compiling fonts.c...
compiling stm32f4xx_hal_uart.c...
compiling ili9341_touch.c...
..\Lib\ili9341\ili9341.h(67): warning:  #1295-D: Deprecated declaration ILI9341_Unselect - give arg types
  void ILI9341_Unselect();
..\Lib\ili9341\ili9341_touch.h(31): warning:  #1295-D: Deprecated declaration ILI9341_TouchUnselect - give arg types
  void ILI9341_TouchUnselect();
..\Lib\ili9341\ili9341_touch.h(33): warning:  #1295-D: Deprecated declaration ILI9341_TouchPressed - give arg types
  bool ILI9341_TouchPressed();
..\Lib\ili9341\ili9341_touch.c(94): warning:  #223-D: function "UART_Printf" declared implicitly
      UART_Printf("raw_x = %d, raw_y = %d\r\n", x, y);
..\Lib\ili9341\ili9341_touch.c(95): warning:  #223-D: function "sprintf" declared implicitly
  		char a[]=sprintf("raw_x = %d, raw_y = %d\r\n", x, y);
..\Lib\ili9341\ili9341_touch.c(95): warning:  #520-D: initialization with "{...}" expected for aggregate object
  		char a[]=sprintf("raw_x = %d, raw_y = %d\r\n", x, y);
..\Lib\ili9341\ili9341_touch.c(95): warning:  #177-D: variable "a"  was declared but never referenced
  		char a[]=sprintf("raw_x = %d, raw_y = %d\r\n", x, y);
Internal fault: [0x91d2ec:5060960] in ILI9341_TouchGetCoordinates
Please contact your supplier.
compiling ili9341.c...
..\Lib\ili9341\ili9341.h(67): warning:  #1295-D: Deprecated declaration ILI9341_Unselect - give arg types
  void ILI9341_Unselect();
..\Lib\ili9341\ili9341.c: 1 warning, 0 errors
linking...
Program Size: Code=14458 RO-data=1022 RW-data=16 ZI-data=1792  
FromELF: creating hex file...
"main\main.axf" - 0 Error(s), 12 Warning(s).

<h2>Software Packages used:</h2>

Package Vendor: ARM
                http://www.keil.com/pack/ARM.CMSIS.5.8.0.pack
                ARM.CMSIS.5.8.0
                CMSIS (Common Microcontroller Software Interface Standard)
   * Component: CORE Version: 5.5.0

Package Vendor: Keil
                https://www.keil.com/pack/Keil.STM32F4xx_DFP.2.17.1.pack
                Keil.STM32F4xx_DFP.2.17.1
                STMicroelectronics STM32F4 Series Device Support, Drivers and Examples

<h2>Collection of Component include folders:</h2>
  .\RTE\_main
  C:\Users\admin\AppData\Local\Arm\Packs\ARM\CMSIS\5.8.0\CMSIS\Core\Include
  C:\Users\admin\AppData\Local\Arm\Packs\Keil\STM32F4xx_DFP\2.17.1\Drivers\CMSIS\Device\ST\STM32F4xx\Include

<h2>Collection of Component Files used:</h2>

   * Component: ARM::CMSIS:CORE:5.5.0
      Include file:  CMSIS\Core\Include\tz_context.h
Build Time Elapsed:  00:00:04
</pre>
</body>
</html>
