<!doctype html public "-//w3c//dtd html 4.0 transitional//en">
<html><head>
<title>Static Call Graph - [main\main.axf]</title></head>
<body><HR>
<H1>Static Call Graph for image main\main.axf</H1><HR>
<BR><P>#&#060CALLGRAPH&#062# ARM Linker, 6160001: Last Updated: Wed Jul 31 01:54:51 2024
<BR><P>
<H3>Maximum Stack Usage =       1064 bytes + Unknown(Functions without stacksize, Cycles, Untraceable Function Pointers)</H3><H3>
Call chain for Maximum Stack Depth:</H3>
lv_chart_event &rArr; draw_y_ticks &rArr; lv_draw_label &rArr; lv_txt_get_size &rArr; _lv_txt_get_next_line &rArr; lv_font_get_glyph_width
<P>
<H3>
Functions with no stack information
</H3><UL>
 <LI><a href="#[108]">__user_initial_stackheap</a>
</UL>
</UL>
<P>
<H3>
Mutually Recursive functions
</H3> <LI><a href="#[1]">NMI_Handler</a>&nbsp;&nbsp;&nbsp;&rArr;&nbsp;&nbsp;&nbsp;<a href="#[1]">NMI_Handler</a><BR>
 <LI><a href="#[2]">HardFault_Handler</a>&nbsp;&nbsp;&nbsp;&rArr;&nbsp;&nbsp;&nbsp;<a href="#[2]">HardFault_Handler</a><BR>
 <LI><a href="#[3]">MemManage_Handler</a>&nbsp;&nbsp;&nbsp;&rArr;&nbsp;&nbsp;&nbsp;<a href="#[3]">MemManage_Handler</a><BR>
 <LI><a href="#[4]">BusFault_Handler</a>&nbsp;&nbsp;&nbsp;&rArr;&nbsp;&nbsp;&nbsp;<a href="#[4]">BusFault_Handler</a><BR>
 <LI><a href="#[5]">UsageFault_Handler</a>&nbsp;&nbsp;&nbsp;&rArr;&nbsp;&nbsp;&nbsp;<a href="#[5]">UsageFault_Handler</a><BR>
 <LI><a href="#[6]">SVC_Handler</a>&nbsp;&nbsp;&nbsp;&rArr;&nbsp;&nbsp;&nbsp;<a href="#[6]">SVC_Handler</a><BR>
 <LI><a href="#[7]">DebugMon_Handler</a>&nbsp;&nbsp;&nbsp;&rArr;&nbsp;&nbsp;&nbsp;<a href="#[7]">DebugMon_Handler</a><BR>
 <LI><a href="#[8]">PendSV_Handler</a>&nbsp;&nbsp;&nbsp;&rArr;&nbsp;&nbsp;&nbsp;<a href="#[8]">PendSV_Handler</a><BR>
 <LI><a href="#[1c]">ADC_IRQHandler</a>&nbsp;&nbsp;&nbsp;&rArr;&nbsp;&nbsp;&nbsp;<a href="#[1c]">ADC_IRQHandler</a><BR>
 <LI><a href="#[25d]">lv_obj_get_screen</a>&nbsp;&nbsp;&nbsp;&rArr;&nbsp;&nbsp;&nbsp;<a href="#[25d]">lv_obj_get_screen</a><BR>
 <LI><a href="#[17a]">lv_obj_get_style_prop</a>&nbsp;&nbsp;&nbsp;&rArr;&nbsp;&nbsp;&nbsp;<a href="#[17a]">lv_obj_get_style_prop</a><BR>
 <LI><a href="#[1d4]">event_send_core</a>&nbsp;&nbsp;&nbsp;&rArr;&nbsp;&nbsp;&nbsp;<a href="#[1d4]">event_send_core</a><BR>
 <LI><a href="#[2f0]">lv_obj_scroll_by_bounded</a>&nbsp;&nbsp;&nbsp;&rArr;&nbsp;&nbsp;&nbsp;<a href="#[144]">lv_obj_update_layout</a><BR>
 <LI><a href="#[1a1]">lv_obj_move_children_by</a>&nbsp;&nbsp;&nbsp;&rArr;&nbsp;&nbsp;&nbsp;<a href="#[1a1]">lv_obj_move_children_by</a><BR>
 <LI><a href="#[1ff]">layout_update_core</a>&nbsp;&nbsp;&nbsp;&rArr;&nbsp;&nbsp;&nbsp;<a href="#[1ff]">layout_update_core</a><BR>
 <LI><a href="#[308]">lv_refr_obj</a>&nbsp;&nbsp;&nbsp;&rArr;&nbsp;&nbsp;&nbsp;<a href="#[308]">lv_refr_obj</a><BR>
 <LI><a href="#[306]">lv_refr_get_top_obj</a>&nbsp;&nbsp;&nbsp;&rArr;&nbsp;&nbsp;&nbsp;<a href="#[306]">lv_refr_get_top_obj</a><BR>
 <LI><a href="#[2ea]">refresh_children_style</a>&nbsp;&nbsp;&nbsp;&rArr;&nbsp;&nbsp;&nbsp;<a href="#[2ea]">refresh_children_style</a><BR>
 <LI><a href="#[1ed]">lv_indev_search_obj</a>&nbsp;&nbsp;&nbsp;&rArr;&nbsp;&nbsp;&nbsp;<a href="#[1ed]">lv_indev_search_obj</a><BR>
 <LI><a href="#[295]">lv_textarea_add_text</a>&nbsp;&nbsp;&nbsp;&rArr;&nbsp;&nbsp;&nbsp;<a href="#[295]">lv_textarea_add_text</a><BR>
 <LI><a href="#[296]">lv_textarea_add_char</a>&nbsp;&nbsp;&nbsp;&rArr;&nbsp;&nbsp;&nbsp;<a href="#[295]">lv_textarea_add_text</a><BR>
 <LI><a href="#[2d5]">obj_del_core</a>&nbsp;&nbsp;&nbsp;&rArr;&nbsp;&nbsp;&nbsp;<a href="#[2d5]">obj_del_core</a><BR>
 <LI><a href="#[2d2]">lv_obj_construct</a>&nbsp;&nbsp;&nbsp;&rArr;&nbsp;&nbsp;&nbsp;<a href="#[2d2]">lv_obj_construct</a><BR>
 <LI><a href="#[18e]">apply_theme</a>&nbsp;&nbsp;&nbsp;&rArr;&nbsp;&nbsp;&nbsp;<a href="#[18e]">apply_theme</a><BR>
 <LI><a href="#[18b]">_vsnprintf</a>&nbsp;&nbsp;&nbsp;&rArr;&nbsp;&nbsp;&nbsp;<a href="#[18b]">_vsnprintf</a><BR>
 <LI><a href="#[2ef]">report_style_change_core</a>&nbsp;&nbsp;&nbsp;&rArr;&nbsp;&nbsp;&nbsp;<a href="#[2ef]">report_style_change_core</a><BR>
</UL>
<P>
<H3>
Function Pointers
</H3><UL>
 <LI><a href="#[1c]">ADC_IRQHandler</a> from startup_stm32f411xe.o(.text) referenced from startup_stm32f411xe.o(RESET)
 <LI><a href="#[4]">BusFault_Handler</a> from startup_stm32f411xe.o(.text) referenced from startup_stm32f411xe.o(RESET)
 <LI><a href="#[15]">DMA1_Stream0_IRQHandler</a> from startup_stm32f411xe.o(.text) referenced from startup_stm32f411xe.o(RESET)
 <LI><a href="#[16]">DMA1_Stream1_IRQHandler</a> from startup_stm32f411xe.o(.text) referenced from startup_stm32f411xe.o(RESET)
 <LI><a href="#[17]">DMA1_Stream2_IRQHandler</a> from startup_stm32f411xe.o(.text) referenced from startup_stm32f411xe.o(RESET)
 <LI><a href="#[18]">DMA1_Stream3_IRQHandler</a> from startup_stm32f411xe.o(.text) referenced from startup_stm32f411xe.o(RESET)
 <LI><a href="#[19]">DMA1_Stream4_IRQHandler</a> from startup_stm32f411xe.o(.text) referenced from startup_stm32f411xe.o(RESET)
 <LI><a href="#[1a]">DMA1_Stream5_IRQHandler</a> from startup_stm32f411xe.o(.text) referenced from startup_stm32f411xe.o(RESET)
 <LI><a href="#[1b]">DMA1_Stream6_IRQHandler</a> from startup_stm32f411xe.o(.text) referenced from startup_stm32f411xe.o(RESET)
 <LI><a href="#[30]">DMA1_Stream7_IRQHandler</a> from startup_stm32f411xe.o(.text) referenced from startup_stm32f411xe.o(RESET)
 <LI><a href="#[34]">DMA2_Stream0_IRQHandler</a> from startup_stm32f411xe.o(.text) referenced from startup_stm32f411xe.o(RESET)
 <LI><a href="#[35]">DMA2_Stream1_IRQHandler</a> from startup_stm32f411xe.o(.text) referenced from startup_stm32f411xe.o(RESET)
 <LI><a href="#[36]">DMA2_Stream2_IRQHandler</a> from startup_stm32f411xe.o(.text) referenced from startup_stm32f411xe.o(RESET)
 <LI><a href="#[37]">DMA2_Stream3_IRQHandler</a> from startup_stm32f411xe.o(.text) referenced from startup_stm32f411xe.o(RESET)
 <LI><a href="#[38]">DMA2_Stream4_IRQHandler</a> from startup_stm32f411xe.o(.text) referenced from startup_stm32f411xe.o(RESET)
 <LI><a href="#[3a]">DMA2_Stream5_IRQHandler</a> from startup_stm32f411xe.o(.text) referenced from startup_stm32f411xe.o(RESET)
 <LI><a href="#[3b]">DMA2_Stream6_IRQHandler</a> from startup_stm32f411xe.o(.text) referenced from startup_stm32f411xe.o(RESET)
 <LI><a href="#[3c]">DMA2_Stream7_IRQHandler</a> from startup_stm32f411xe.o(.text) referenced from startup_stm32f411xe.o(RESET)
 <LI><a href="#[7]">DebugMon_Handler</a> from startup_stm32f411xe.o(.text) referenced from startup_stm32f411xe.o(RESET)
 <LI><a href="#[10]">EXTI0_IRQHandler</a> from startup_stm32f411xe.o(.text) referenced from startup_stm32f411xe.o(RESET)
 <LI><a href="#[2d]">EXTI15_10_IRQHandler</a> from startup_stm32f411xe.o(.text) referenced from startup_stm32f411xe.o(RESET)
 <LI><a href="#[11]">EXTI1_IRQHandler</a> from startup_stm32f411xe.o(.text) referenced from startup_stm32f411xe.o(RESET)
 <LI><a href="#[12]">EXTI2_IRQHandler</a> from startup_stm32f411xe.o(.text) referenced from startup_stm32f411xe.o(RESET)
 <LI><a href="#[13]">EXTI3_IRQHandler</a> from startup_stm32f411xe.o(.text) referenced from startup_stm32f411xe.o(RESET)
 <LI><a href="#[14]">EXTI4_IRQHandler</a> from startup_stm32f411xe.o(.text) referenced from startup_stm32f411xe.o(RESET)
 <LI><a href="#[1d]">EXTI9_5_IRQHandler</a> from startup_stm32f411xe.o(.text) referenced from startup_stm32f411xe.o(RESET)
 <LI><a href="#[e]">FLASH_IRQHandler</a> from startup_stm32f411xe.o(.text) referenced from startup_stm32f411xe.o(RESET)
 <LI><a href="#[40]">FPU_IRQHandler</a> from startup_stm32f411xe.o(.text) referenced from startup_stm32f411xe.o(RESET)
 <LI><a href="#[2]">HardFault_Handler</a> from startup_stm32f411xe.o(.text) referenced from startup_stm32f411xe.o(RESET)
 <LI><a href="#[26]">I2C1_ER_IRQHandler</a> from startup_stm32f411xe.o(.text) referenced from startup_stm32f411xe.o(RESET)
 <LI><a href="#[25]">I2C1_EV_IRQHandler</a> from startup_stm32f411xe.o(.text) referenced from startup_stm32f411xe.o(RESET)
 <LI><a href="#[28]">I2C2_ER_IRQHandler</a> from startup_stm32f411xe.o(.text) referenced from startup_stm32f411xe.o(RESET)
 <LI><a href="#[27]">I2C2_EV_IRQHandler</a> from startup_stm32f411xe.o(.text) referenced from startup_stm32f411xe.o(RESET)
 <LI><a href="#[3f]">I2C3_ER_IRQHandler</a> from startup_stm32f411xe.o(.text) referenced from startup_stm32f411xe.o(RESET)
 <LI><a href="#[3e]">I2C3_EV_IRQHandler</a> from startup_stm32f411xe.o(.text) referenced from startup_stm32f411xe.o(RESET)
 <LI><a href="#[3]">MemManage_Handler</a> from startup_stm32f411xe.o(.text) referenced from startup_stm32f411xe.o(RESET)
 <LI><a href="#[1]">NMI_Handler</a> from startup_stm32f411xe.o(.text) referenced from startup_stm32f411xe.o(RESET)
 <LI><a href="#[39]">OTG_FS_IRQHandler</a> from startup_stm32f411xe.o(.text) referenced from startup_stm32f411xe.o(RESET)
 <LI><a href="#[2f]">OTG_FS_WKUP_IRQHandler</a> from startup_stm32f411xe.o(.text) referenced from startup_stm32f411xe.o(RESET)
 <LI><a href="#[b]">PVD_IRQHandler</a> from startup_stm32f411xe.o(.text) referenced from startup_stm32f411xe.o(RESET)
 <LI><a href="#[8]">PendSV_Handler</a> from startup_stm32f411xe.o(.text) referenced from startup_stm32f411xe.o(RESET)
 <LI><a href="#[f]">RCC_IRQHandler</a> from startup_stm32f411xe.o(.text) referenced from startup_stm32f411xe.o(RESET)
 <LI><a href="#[2e]">RTC_Alarm_IRQHandler</a> from startup_stm32f411xe.o(.text) referenced from startup_stm32f411xe.o(RESET)
 <LI><a href="#[d]">RTC_WKUP_IRQHandler</a> from startup_stm32f411xe.o(.text) referenced from startup_stm32f411xe.o(RESET)
 <LI><a href="#[0]">Reset_Handler</a> from startup_stm32f411xe.o(.text) referenced from startup_stm32f411xe.o(RESET)
 <LI><a href="#[31]">SDIO_IRQHandler</a> from startup_stm32f411xe.o(.text) referenced from startup_stm32f411xe.o(RESET)
 <LI><a href="#[29]">SPI1_IRQHandler</a> from startup_stm32f411xe.o(.text) referenced from startup_stm32f411xe.o(RESET)
 <LI><a href="#[2a]">SPI2_IRQHandler</a> from startup_stm32f411xe.o(.text) referenced from startup_stm32f411xe.o(RESET)
 <LI><a href="#[33]">SPI3_IRQHandler</a> from startup_stm32f411xe.o(.text) referenced from startup_stm32f411xe.o(RESET)
 <LI><a href="#[41]">SPI4_IRQHandler</a> from startup_stm32f411xe.o(.text) referenced from startup_stm32f411xe.o(RESET)
 <LI><a href="#[42]">SPI5_IRQHandler</a> from startup_stm32f411xe.o(.text) referenced from startup_stm32f411xe.o(RESET)
 <LI><a href="#[6]">SVC_Handler</a> from startup_stm32f411xe.o(.text) referenced from startup_stm32f411xe.o(RESET)
 <LI><a href="#[9]">SysTick_Handler</a> from stm32f4xx_it.o(.text.SysTick_Handler) referenced from startup_stm32f411xe.o(RESET)
 <LI><a href="#[43]">SystemInit</a> from system_stm32f4xx.o(.text.SystemInit) referenced from startup_stm32f411xe.o(.text)
 <LI><a href="#[c]">TAMP_STAMP_IRQHandler</a> from startup_stm32f411xe.o(.text) referenced from startup_stm32f411xe.o(RESET)
 <LI><a href="#[1e]">TIM1_BRK_TIM9_IRQHandler</a> from startup_stm32f411xe.o(.text) referenced from startup_stm32f411xe.o(RESET)
 <LI><a href="#[21]">TIM1_CC_IRQHandler</a> from startup_stm32f411xe.o(.text) referenced from startup_stm32f411xe.o(RESET)
 <LI><a href="#[20]">TIM1_TRG_COM_TIM11_IRQHandler</a> from startup_stm32f411xe.o(.text) referenced from startup_stm32f411xe.o(RESET)
 <LI><a href="#[1f]">TIM1_UP_TIM10_IRQHandler</a> from stm32f4xx_it.o(.text.TIM1_UP_TIM10_IRQHandler) referenced from startup_stm32f411xe.o(RESET)
 <LI><a href="#[22]">TIM2_IRQHandler</a> from startup_stm32f411xe.o(.text) referenced from startup_stm32f411xe.o(RESET)
 <LI><a href="#[23]">TIM3_IRQHandler</a> from startup_stm32f411xe.o(.text) referenced from startup_stm32f411xe.o(RESET)
 <LI><a href="#[24]">TIM4_IRQHandler</a> from startup_stm32f411xe.o(.text) referenced from startup_stm32f411xe.o(RESET)
 <LI><a href="#[32]">TIM5_IRQHandler</a> from startup_stm32f411xe.o(.text) referenced from startup_stm32f411xe.o(RESET)
 <LI><a href="#[2b]">USART1_IRQHandler</a> from startup_stm32f411xe.o(.text) referenced from startup_stm32f411xe.o(RESET)
 <LI><a href="#[2c]">USART2_IRQHandler</a> from startup_stm32f411xe.o(.text) referenced from startup_stm32f411xe.o(RESET)
 <LI><a href="#[3d]">USART6_IRQHandler</a> from startup_stm32f411xe.o(.text) referenced from startup_stm32f411xe.o(RESET)
 <LI><a href="#[5]">UsageFault_Handler</a> from startup_stm32f411xe.o(.text) referenced from startup_stm32f411xe.o(RESET)
 <LI><a href="#[a]">WWDG_IRQHandler</a> from startup_stm32f411xe.o(.text) referenced from startup_stm32f411xe.o(RESET)
 <LI><a href="#[44]">__main</a> from __main.o(!!!main) referenced from startup_stm32f411xe.o(.text)
 <LI><a href="#[60]">_lv_disp_refr_timer</a> from lv_refr.o(.text._lv_disp_refr_timer) referenced 2 times from lv_hal_disp.o(.text.lv_disp_drv_register)
 <LI><a href="#[81]">_out_buffer</a> from lv_printf.o(.text._out_buffer) referenced 2 times from lv_printf.o(.text.lv_snprintf)
 <LI><a href="#[81]">_out_buffer</a> from lv_printf.o(.text._out_buffer) referenced 2 times from lv_printf.o(.text.lv_vsnprintf)
 <LI><a href="#[4d]">_out_null</a> from lv_printf.o(.text._out_null) referenced 2 times from lv_printf.o(.text._vsnprintf)
 <LI><a href="#[45]">anim_timer</a> from lv_anim.o(.text.anim_timer) referenced 2 times from lv_anim.o(.text._lv_anim_core_init)
 <LI><a href="#[82]">arc_anim_end_angle</a> from lv_spinner.o(.text.arc_anim_end_angle) referenced 2 times from lv_spinner.o(.text.lv_spinner_constructor)
 <LI><a href="#[84]">arc_anim_start_angle</a> from lv_spinner.o(.text.arc_anim_start_angle) referenced 2 times from lv_spinner.o(.text.lv_spinner_constructor)
 <LI><a href="#[97]">arc_set_end_angle_anim</a> from lv_demo_stress.o(.text.arc_set_end_angle_anim) referenced 2 times from lv_demo_stress.o(.text.obj_test_task_cb)
 <LI><a href="#[87]">btns_value_changed_event_cb</a> from lv_tabview.o(.text.btns_value_changed_event_cb) referenced 2 times from lv_tabview.o(.text.lv_tabview_constructor)
 <LI><a href="#[9c]">color_blend_true_color_additive</a> from lv_draw_sw_blend.o(.text.color_blend_true_color_additive) referenced from lv_draw_sw_blend.o(.rodata..Lswitch.table.lv_draw_sw_blend_basic.1)
 <LI><a href="#[9e]">color_blend_true_color_multiply</a> from lv_draw_sw_blend.o(.text.color_blend_true_color_multiply) referenced from lv_draw_sw_blend.o(.rodata..Lswitch.table.lv_draw_sw_blend_basic.1)
 <LI><a href="#[9d]">color_blend_true_color_subtractive</a> from lv_draw_sw_blend.o(.text.color_blend_true_color_subtractive) referenced from lv_draw_sw_blend.o(.rodata..Lswitch.table.lv_draw_sw_blend_basic.1)
 <LI><a href="#[88]">cont_scroll_end_event_cb</a> from lv_tabview.o(.text.cont_scroll_end_event_cb) referenced 2 times from lv_tabview.o(.text.lv_tabview_constructor)
 <LI><a href="#[55]">cursor_blink_anim_cb</a> from lv_textarea.o(.text.cursor_blink_anim_cb) referenced 4 times from lv_textarea.o(.text.label_event_cb)
 <LI><a href="#[55]">cursor_blink_anim_cb</a> from lv_textarea.o(.text.cursor_blink_anim_cb) referenced 4 times from lv_textarea.o(.text.lv_textarea_constructor)
 <LI><a href="#[55]">cursor_blink_anim_cb</a> from lv_textarea.o(.text.cursor_blink_anim_cb) referenced 4 times from lv_textarea.o(.text.lv_textarea_event)
 <LI><a href="#[55]">cursor_blink_anim_cb</a> from lv_textarea.o(.text.cursor_blink_anim_cb) referenced 4 times from lv_textarea.o(.text.lv_textarea_set_cursor_pos)
 <LI><a href="#[9a]">dark_color_filter_cb</a> from lv_theme_default.o(.text.dark_color_filter_cb) referenced 2 times from lv_theme_default.o(.text.style_init)
 <LI><a href="#[8e]">default_walker</a> from lv_tlsf.o(.text.default_walker) referenced 2 times from lv_tlsf.o(.text.lv_tlsf_walk_pool)
 <LI><a href="#[7e]">disp_flush</a> from lv_port_disp_template.o(.text.disp_flush) referenced 2 times from lv_port_disp_template.o(.text.lv_port_disp_init)
 <LI><a href="#[5d]">draw_part_begin_event_cb</a> from lv_calendar.o(.text.draw_part_begin_event_cb) referenced 2 times from lv_calendar.o(.text.lv_calendar_constructor)
 <LI><a href="#[6d]">flex_update</a> from lv_flex.o(.text.flex_update) referenced 2 times from lv_flex.o(.text.lv_flex_init)
 <LI><a href="#[9b]">grey_filter_cb</a> from lv_theme_default.o(.text.grey_filter_cb) referenced 2 times from lv_theme_default.o(.text.style_init)
 <LI><a href="#[70]">grid_update</a> from lv_grid.o(.text.grid_update) referenced 2 times from lv_grid.o(.text.lv_grid_init)
 <LI><a href="#[6f]">kern_pair_16_compare</a> from lv_font_fmt_txt.o(.text.kern_pair_16_compare) referenced 2 times from lv_font_fmt_txt.o(.text.lv_font_get_glyph_dsc_fmt_txt)
 <LI><a href="#[6e]">kern_pair_8_compare</a> from lv_font_fmt_txt.o(.text.kern_pair_8_compare) referenced 2 times from lv_font_fmt_txt.o(.text.lv_font_get_glyph_dsc_fmt_txt)
 <LI><a href="#[8b]">label_event_cb</a> from lv_textarea.o(.text.label_event_cb) referenced 2 times from lv_textarea.o(.text.lv_textarea_constructor)
 <LI><a href="#[83]">lv_anim_path_ease_in_out</a> from lv_anim.o(.text.lv_anim_path_ease_in_out) referenced 2 times from lv_spinner.o(.text.lv_spinner_constructor)
 <LI><a href="#[7d]">lv_anim_path_ease_out</a> from lv_anim.o(.text.lv_anim_path_ease_out) referenced 2 times from lv_obj_scroll.o(.text.lv_obj_scroll_by)
 <LI><a href="#[7d]">lv_anim_path_ease_out</a> from lv_anim.o(.text.lv_anim_path_ease_out) referenced 2 times from lv_roller.o(.text.refr_position)
 <LI><a href="#[57]">lv_anim_path_linear</a> from lv_anim.o(.text.lv_anim_path_linear) referenced 2 times from lv_anim.o(.text.lv_anim_init)
 <LI><a href="#[57]">lv_anim_path_linear</a> from lv_anim.o(.text.lv_anim_path_linear) referenced 2 times from lv_style.o(.text.lv_style_transition_dsc_init)
 <LI><a href="#[57]">lv_anim_path_linear</a> from lv_anim.o(.text.lv_anim_path_linear) referenced 2 times from lv_theme_default.o(.text.style_init)
 <LI><a href="#[56]">lv_anim_path_step</a> from lv_anim.o(.text.lv_anim_path_step) referenced 2 times from lv_textarea.o(.text.label_event_cb)
 <LI><a href="#[56]">lv_anim_path_step</a> from lv_anim.o(.text.lv_anim_path_step) referenced 2 times from lv_textarea.o(.text.lv_textarea_add_char)
 <LI><a href="#[56]">lv_anim_path_step</a> from lv_anim.o(.text.lv_anim_path_step) referenced 2 times from lv_textarea.o(.text.lv_textarea_add_text)
 <LI><a href="#[56]">lv_anim_path_step</a> from lv_anim.o(.text.lv_anim_path_step) referenced 2 times from lv_textarea.o(.text.lv_textarea_constructor)
 <LI><a href="#[56]">lv_anim_path_step</a> from lv_anim.o(.text.lv_anim_path_step) referenced 2 times from lv_textarea.o(.text.lv_textarea_event)
 <LI><a href="#[56]">lv_anim_path_step</a> from lv_anim.o(.text.lv_anim_path_step) referenced 2 times from lv_textarea.o(.text.lv_textarea_set_cursor_pos)
 <LI><a href="#[56]">lv_anim_path_step</a> from lv_anim.o(.text.lv_anim_path_step) referenced 2 times from lv_textarea.o(.text.lv_textarea_set_text)
 <LI><a href="#[9f]">lv_arc_constructor</a> from lv_arc.o(.text.lv_arc_constructor) referenced from lv_arc.o(.rodata.lv_arc_class)
 <LI><a href="#[a0]">lv_arc_event</a> from lv_arc.o(.text.lv_arc_event) referenced from lv_arc.o(.rodata.lv_arc_class)
 <LI><a href="#[4e]">lv_area_get_height</a> from lv_flex.o(.text.lv_area_get_height) referenced 2 times from lv_flex.o(.text.children_repos)
 <LI><a href="#[59]">lv_area_get_height</a> from lv_bar.o(.text.lv_area_get_height) referenced 2 times from lv_bar.o(.text.lv_bar_event)
 <LI><a href="#[4f]">lv_area_get_width</a> from lv_flex.o(.text.lv_area_get_width) referenced 4 times from lv_flex.o(.text.children_repos)
 <LI><a href="#[5a]">lv_area_get_width</a> from lv_bar.o(.text.lv_area_get_width) referenced 2 times from lv_bar.o(.text.lv_bar_event)
 <LI><a href="#[51]">lv_area_set_height</a> from lv_area.o(.text.lv_area_set_height) referenced 2 times from lv_flex.o(.text.children_repos)
 <LI><a href="#[50]">lv_area_set_width</a> from lv_area.o(.text.lv_area_set_width) referenced 2 times from lv_flex.o(.text.children_repos)
 <LI><a href="#[58]">lv_async_timer_cb</a> from lv_async.o(.text.lv_async_timer_cb) referenced 2 times from lv_async.o(.text.lv_async_call)
 <LI><a href="#[5b]">lv_bar_anim</a> from lv_bar.o(.text.lv_bar_anim) referenced 2 times from lv_bar.o(.text.lv_bar_set_value_with_anim)
 <LI><a href="#[5c]">lv_bar_anim_ready</a> from lv_bar.o(.text.lv_bar_anim_ready) referenced 2 times from lv_bar.o(.text.lv_bar_set_value_with_anim)
 <LI><a href="#[a1]">lv_bar_constructor</a> from lv_bar.o(.text.lv_bar_constructor) referenced from lv_bar.o(.rodata.lv_bar_class)
 <LI><a href="#[a2]">lv_bar_destructor</a> from lv_bar.o(.text.lv_bar_destructor) referenced from lv_bar.o(.rodata.lv_bar_class)
 <LI><a href="#[a3]">lv_bar_event</a> from lv_bar.o(.text.lv_bar_event) referenced from lv_bar.o(.rodata.lv_bar_class)
 <LI><a href="#[a4]">lv_btn_constructor</a> from lv_btn.o(.text.lv_btn_constructor) referenced from lv_btn.o(.rodata.lv_btn_class)
 <LI><a href="#[a5]">lv_btnmatrix_constructor</a> from lv_btnmatrix.o(.text.lv_btnmatrix_constructor) referenced from lv_btnmatrix.o(.rodata.lv_btnmatrix_class)
 <LI><a href="#[a6]">lv_btnmatrix_destructor</a> from lv_btnmatrix.o(.text.lv_btnmatrix_destructor) referenced from lv_btnmatrix.o(.rodata.lv_btnmatrix_class)
 <LI><a href="#[a7]">lv_btnmatrix_event</a> from lv_btnmatrix.o(.text.lv_btnmatrix_event) referenced from lv_btnmatrix.o(.rodata.lv_btnmatrix_class)
 <LI><a href="#[a8]">lv_calendar_constructor</a> from lv_calendar.o(.text.lv_calendar_constructor) referenced from lv_calendar.o(.rodata.lv_calendar_class)
 <LI><a href="#[ab]">lv_chart_constructor</a> from lv_chart.o(.text.lv_chart_constructor) referenced from lv_chart.o(.rodata.lv_chart_class)
 <LI><a href="#[ac]">lv_chart_destructor</a> from lv_chart.o(.text.lv_chart_destructor) referenced from lv_chart.o(.rodata.lv_chart_class)
 <LI><a href="#[ad]">lv_chart_event</a> from lv_chart.o(.text.lv_chart_event) referenced from lv_chart.o(.rodata.lv_chart_class)
 <LI><a href="#[ae]">lv_checkbox_constructor</a> from lv_checkbox.o(.text.lv_checkbox_constructor) referenced from lv_checkbox.o(.rodata.lv_checkbox_class)
 <LI><a href="#[af]">lv_checkbox_destructor</a> from lv_checkbox.o(.text.lv_checkbox_destructor) referenced from lv_checkbox.o(.rodata.lv_checkbox_class)
 <LI><a href="#[b0]">lv_checkbox_event</a> from lv_checkbox.o(.text.lv_checkbox_event) referenced from lv_checkbox.o(.rodata.lv_checkbox_class)
 <LI><a href="#[b1]">lv_colorwheel_constructor</a> from lv_colorwheel.o(.text.lv_colorwheel_constructor) referenced from lv_colorwheel.o(.rodata.lv_colorwheel_class)
 <LI><a href="#[b2]">lv_colorwheel_event</a> from lv_colorwheel.o(.text.lv_colorwheel_event) referenced from lv_colorwheel.o(.rodata.lv_colorwheel_class)
 <LI><a href="#[61]">lv_draw_mask_angle</a> from lv_draw_mask.o(.text.lv_draw_mask_angle) referenced 2 times from lv_draw_mask.o(.text.lv_draw_mask_angle_init)
 <LI><a href="#[62]">lv_draw_mask_line</a> from lv_draw_mask.o(.text.lv_draw_mask_line) referenced 2 times from lv_draw_mask.o(.text.lv_draw_mask_line_points_init)
 <LI><a href="#[63]">lv_draw_mask_radius</a> from lv_draw_mask.o(.text.lv_draw_mask_radius) referenced 2 times from lv_draw_mask.o(.text.lv_draw_mask_radius_init)
 <LI><a href="#[64]">lv_draw_sw_arc</a> from lv_draw_sw_arc.o(.text.lv_draw_sw_arc) referenced 2 times from lv_draw_sw.o(.text.lv_draw_sw_init_ctx)
 <LI><a href="#[69]">lv_draw_sw_bg</a> from lv_draw_sw_rect.o(.text.lv_draw_sw_bg) referenced 2 times from lv_draw_sw.o(.text.lv_draw_sw_init_ctx)
 <LI><a href="#[6c]">lv_draw_sw_blend_basic</a> from lv_draw_sw_blend.o(.text.lv_draw_sw_blend_basic) referenced 2 times from lv_draw_sw.o(.text.lv_draw_sw_init_ctx)
 <LI><a href="#[67]">lv_draw_sw_img_decoded</a> from lv_draw_sw_img.o(.text.lv_draw_sw_img_decoded) referenced 2 times from lv_draw_sw.o(.text.lv_draw_sw_init_ctx)
 <LI><a href="#[5f]">lv_draw_sw_init_ctx</a> from lv_draw_sw.o(.text.lv_draw_sw_init_ctx) referenced 2 times from lv_hal_disp.o(.text.lv_disp_drv_init)
 <LI><a href="#[66]">lv_draw_sw_letter</a> from lv_draw_sw_letter.o(.text.lv_draw_sw_letter) referenced 2 times from lv_draw_sw.o(.text.lv_draw_sw_init_ctx)
 <LI><a href="#[68]">lv_draw_sw_line</a> from lv_draw_sw_line.o(.text.lv_draw_sw_line) referenced 2 times from lv_draw_sw.o(.text.lv_draw_sw_init_ctx)
 <LI><a href="#[6a]">lv_draw_sw_polygon</a> from lv_draw_sw_polygon.o(.text.lv_draw_sw_polygon) referenced 2 times from lv_draw_sw.o(.text.lv_draw_sw_init_ctx)
 <LI><a href="#[65]">lv_draw_sw_rect</a> from lv_draw_sw_rect.o(.text.lv_draw_sw_rect) referenced 2 times from lv_draw_sw.o(.text.lv_draw_sw_init_ctx)
 <LI><a href="#[6b]">lv_draw_sw_wait_for_finish</a> from lv_draw_sw.o(.text.lv_draw_sw_wait_for_finish) referenced 2 times from lv_draw_sw.o(.text.lv_draw_sw_init_ctx)
 <LI><a href="#[b3]">lv_dropdown_constructor</a> from lv_dropdown.o(.text.lv_dropdown_constructor) referenced from lv_dropdown.o(.rodata.lv_dropdown_class)
 <LI><a href="#[b4]">lv_dropdown_destructor</a> from lv_dropdown.o(.text.lv_dropdown_destructor) referenced from lv_dropdown.o(.rodata.lv_dropdown_class)
 <LI><a href="#[b5]">lv_dropdown_event</a> from lv_dropdown.o(.text.lv_dropdown_event) referenced from lv_dropdown.o(.rodata.lv_dropdown_class)
 <LI><a href="#[b8]">lv_dropdown_list_event</a> from lv_dropdown.o(.text.lv_dropdown_list_event) referenced from lv_dropdown.o(.rodata.lv_dropdownlist_class)
 <LI><a href="#[b6]">lv_dropdownlist_constructor</a> from lv_dropdown.o(.text.lv_dropdownlist_constructor) referenced from lv_dropdown.o(.rodata.lv_dropdownlist_class)
 <LI><a href="#[b7]">lv_dropdownlist_destructor</a> from lv_dropdown.o(.text.lv_dropdownlist_destructor) referenced from lv_dropdown.o(.rodata.lv_dropdownlist_class)
 <LI><a href="#[ba]">lv_font_get_bitmap_fmt_txt</a> from lv_font_fmt_txt.o(.text.lv_font_get_bitmap_fmt_txt) referenced from lv_font_montserrat_14.o(.rodata.lv_font_montserrat_14)
 <LI><a href="#[b9]">lv_font_get_glyph_dsc_fmt_txt</a> from lv_font_fmt_txt.o(.text.lv_font_get_glyph_dsc_fmt_txt) referenced from lv_font_montserrat_14.o(.rodata.lv_font_montserrat_14)
 <LI><a href="#[bb]">lv_img_constructor</a> from lv_img.o(.text.lv_img_constructor) referenced from lv_img.o(.rodata.lv_img_class)
 <LI><a href="#[49]">lv_img_decoder_built_in_close</a> from lv_img_decoder.o(.text.lv_img_decoder_built_in_close) referenced 2 times from lv_img_decoder.o(.text._lv_img_decoder_init)
 <LI><a href="#[46]">lv_img_decoder_built_in_info</a> from lv_img_decoder.o(.text.lv_img_decoder_built_in_info) referenced 2 times from lv_img_decoder.o(.text._lv_img_decoder_init)
 <LI><a href="#[47]">lv_img_decoder_built_in_open</a> from lv_img_decoder.o(.text.lv_img_decoder_built_in_open) referenced 2 times from lv_img_decoder.o(.text._lv_img_decoder_init)
 <LI><a href="#[48]">lv_img_decoder_built_in_read_line</a> from lv_img_decoder.o(.text.lv_img_decoder_built_in_read_line) referenced 2 times from lv_img_decoder.o(.text._lv_img_decoder_init)
 <LI><a href="#[bc]">lv_img_destructor</a> from lv_img.o(.text.lv_img_destructor) referenced from lv_img.o(.rodata.lv_img_class)
 <LI><a href="#[bd]">lv_img_event</a> from lv_img.o(.text.lv_img_event) referenced from lv_img.o(.rodata.lv_img_class)
 <LI><a href="#[71]">lv_indev_read_timer_cb</a> from lv_indev.o(.text.lv_indev_read_timer_cb) referenced 2 times from lv_hal_indev.o(.text.lv_indev_drv_register)
 <LI><a href="#[be]">lv_keyboard_constructor</a> from lv_keyboard.o(.text.lv_keyboard_constructor) referenced from lv_keyboard.o(.rodata.lv_keyboard_class)
 <LI><a href="#[72]">lv_keyboard_def_event_cb</a> from lv_keyboard.o(.text.lv_keyboard_def_event_cb) referenced 2 times from lv_keyboard.o(.text.lv_keyboard_constructor)
 <LI><a href="#[bf]">lv_label_constructor</a> from lv_label.o(.text.lv_label_constructor) referenced from lv_label.o(.rodata.lv_label_class)
 <LI><a href="#[c0]">lv_label_destructor</a> from lv_label.o(.text.lv_label_destructor) referenced from lv_label.o(.rodata.lv_label_class)
 <LI><a href="#[c1]">lv_label_event</a> from lv_label.o(.text.lv_label_event) referenced from lv_label.o(.rodata.lv_label_class)
 <LI><a href="#[c2]">lv_led_constructor</a> from lv_led.o(.text.lv_led_constructor) referenced from lv_led.o(.rodata.lv_led_class)
 <LI><a href="#[c3]">lv_led_event</a> from lv_led.o(.text.lv_led_event) referenced from lv_led.o(.rodata.lv_led_class)
 <LI><a href="#[c4]">lv_line_constructor</a> from lv_line.o(.text.lv_line_constructor) referenced from lv_line.o(.rodata.lv_line_class)
 <LI><a href="#[c5]">lv_line_event</a> from lv_line.o(.text.lv_line_event) referenced from lv_line.o(.rodata.lv_line_class)
 <LI><a href="#[75]">lv_mem_walker</a> from lv_mem.o(.text.lv_mem_walker) referenced 2 times from lv_mem.o(.text.lv_mem_alloc)
 <LI><a href="#[75]">lv_mem_walker</a> from lv_mem.o(.text.lv_mem_walker) referenced 2 times from lv_mem.o(.text.lv_mem_monitor)
 <LI><a href="#[75]">lv_mem_walker</a> from lv_mem.o(.text.lv_mem_walker) referenced 2 times from lv_mem.o(.text.lv_mem_realloc)
 <LI><a href="#[76]">lv_menu_back_event_cb</a> from lv_menu.o(.text.lv_menu_back_event_cb) referenced 2 times from lv_menu.o(.text.lv_menu_constructor)
 <LI><a href="#[c6]">lv_menu_constructor</a> from lv_menu.o(.text.lv_menu_constructor) referenced from lv_menu.o(.rodata.lv_menu_class)
 <LI><a href="#[c8]">lv_menu_cont_constructor</a> from lv_menu.o(.text.lv_menu_cont_constructor) referenced from lv_menu.o(.rodata.lv_menu_cont_class)
 <LI><a href="#[c7]">lv_menu_destructor</a> from lv_menu.o(.text.lv_menu_destructor) referenced from lv_menu.o(.rodata.lv_menu_class)
 <LI><a href="#[c9]">lv_menu_page_constructor</a> from lv_menu.o(.text.lv_menu_page_constructor) referenced from lv_menu.o(.rodata.lv_menu_page_class)
 <LI><a href="#[ca]">lv_menu_page_destructor</a> from lv_menu.o(.text.lv_menu_page_destructor) referenced from lv_menu.o(.rodata.lv_menu_page_class)
 <LI><a href="#[cb]">lv_menu_section_constructor</a> from lv_menu.o(.text.lv_menu_section_constructor) referenced from lv_menu.o(.rodata.lv_menu_section_class)
 <LI><a href="#[77]">lv_menu_value_changed_event_cb</a> from lv_menu.o(.text.lv_menu_value_changed_event_cb) referenced 2 times from lv_menu.o(.text.lv_menu_constructor)
 <LI><a href="#[cc]">lv_meter_constructor</a> from lv_meter.o(.text.lv_meter_constructor) referenced from lv_meter.o(.rodata.lv_meter_class)
 <LI><a href="#[cd]">lv_meter_destructor</a> from lv_meter.o(.text.lv_meter_destructor) referenced from lv_meter.o(.rodata.lv_meter_class)
 <LI><a href="#[ce]">lv_meter_event</a> from lv_meter.o(.text.lv_meter_event) referenced from lv_meter.o(.rodata.lv_meter_class)
 <LI><a href="#[cf]">lv_obj_constructor</a> from lv_obj.o(.text.lv_obj_constructor) referenced from lv_obj.o(.rodata.lv_obj_class)
 <LI><a href="#[94]">lv_obj_del_anim_ready_cb</a> from lv_obj_tree.o(.text.lv_obj_del_anim_ready_cb) referenced 26 times from lv_demo_stress.o(.text.obj_test_task_cb)
 <LI><a href="#[79]">lv_obj_del_async_cb</a> from lv_obj_tree.o(.text.lv_obj_del_async_cb) referenced 2 times from lv_obj_tree.o(.text.lv_obj_del_async)
 <LI><a href="#[d0]">lv_obj_destructor</a> from lv_obj.o(.text.lv_obj_destructor) referenced from lv_obj.o(.rodata.lv_obj_class)
 <LI><a href="#[d1]">lv_obj_event</a> from lv_obj.o(.text.lv_obj_event) referenced from lv_obj.o(.rodata.lv_obj_class)
 <LI><a href="#[53]">lv_obj_get_height</a> from lv_obj_pos.o(.text.lv_obj_get_height) referenced 2 times from lv_flex.o(.text.find_track_end)
 <LI><a href="#[52]">lv_obj_get_width</a> from lv_obj_pos.o(.text.lv_obj_get_width) referenced 2 times from lv_flex.o(.text.find_track_end)
 <LI><a href="#[d2]">lv_roller_constructor</a> from lv_roller.o(.text.lv_roller_constructor) referenced from lv_roller.o(.rodata.lv_roller_class)
 <LI><a href="#[d3]">lv_roller_event</a> from lv_roller.o(.text.lv_roller_event) referenced from lv_roller.o(.rodata.lv_roller_class)
 <LI><a href="#[d4]">lv_roller_label_event</a> from lv_roller.o(.text.lv_roller_label_event) referenced from lv_roller.o(.rodata.lv_roller_label_class)
 <LI><a href="#[d5]">lv_slider_constructor</a> from lv_slider.o(.text.lv_slider_constructor) referenced from lv_slider.o(.rodata.lv_slider_class)
 <LI><a href="#[d6]">lv_slider_event</a> from lv_slider.o(.text.lv_slider_event) referenced from lv_slider.o(.rodata.lv_slider_class)
 <LI><a href="#[d7]">lv_spinbox_constructor</a> from lv_spinbox.o(.text.lv_spinbox_constructor) referenced from lv_spinbox.o(.rodata.lv_spinbox_class)
 <LI><a href="#[d8]">lv_spinbox_event</a> from lv_spinbox.o(.text.lv_spinbox_event) referenced from lv_spinbox.o(.rodata.lv_spinbox_class)
 <LI><a href="#[d9]">lv_spinner_constructor</a> from lv_spinner.o(.text.lv_spinner_constructor) referenced from lv_spinner.o(.rodata.lv_spinner_class)
 <LI><a href="#[85]">lv_switch_anim_exec_cb</a> from lv_switch.o(.text.lv_switch_anim_exec_cb) referenced 2 times from lv_switch.o(.text.lv_switch_event)
 <LI><a href="#[86]">lv_switch_anim_ready</a> from lv_switch.o(.text.lv_switch_anim_ready) referenced 2 times from lv_switch.o(.text.lv_switch_event)
 <LI><a href="#[da]">lv_switch_constructor</a> from lv_switch.o(.text.lv_switch_constructor) referenced from lv_switch.o(.rodata.lv_switch_class)
 <LI><a href="#[db]">lv_switch_destructor</a> from lv_switch.o(.text.lv_switch_destructor) referenced from lv_switch.o(.rodata.lv_switch_class)
 <LI><a href="#[dc]">lv_switch_event</a> from lv_switch.o(.text.lv_switch_event) referenced from lv_switch.o(.rodata.lv_switch_class)
 <LI><a href="#[dd]">lv_table_constructor</a> from lv_table.o(.text.lv_table_constructor) referenced from lv_table.o(.rodata.lv_table_class)
 <LI><a href="#[de]">lv_table_destructor</a> from lv_table.o(.text.lv_table_destructor) referenced from lv_table.o(.rodata.lv_table_class)
 <LI><a href="#[df]">lv_table_event</a> from lv_table.o(.text.lv_table_event) referenced from lv_table.o(.rodata.lv_table_class)
 <LI><a href="#[e0]">lv_tabview_constructor</a> from lv_tabview.o(.text.lv_tabview_constructor) referenced from lv_tabview.o(.rodata.lv_tabview_class)
 <LI><a href="#[e1]">lv_tabview_destructor</a> from lv_tabview.o(.text.lv_tabview_destructor) referenced from lv_tabview.o(.rodata.lv_tabview_class)
 <LI><a href="#[e2]">lv_tabview_event</a> from lv_tabview.o(.text.lv_tabview_event) referenced from lv_tabview.o(.rodata.lv_tabview_class)
 <LI><a href="#[e3]">lv_textarea_constructor</a> from lv_textarea.o(.text.lv_textarea_constructor) referenced from lv_textarea.o(.rodata.lv_textarea_class)
 <LI><a href="#[e4]">lv_textarea_destructor</a> from lv_textarea.o(.text.lv_textarea_destructor) referenced from lv_textarea.o(.rodata.lv_textarea_class)
 <LI><a href="#[e5]">lv_textarea_event</a> from lv_textarea.o(.text.lv_textarea_event) referenced from lv_textarea.o(.rodata.lv_textarea_class)
 <LI><a href="#[e6]">lv_tileview_constructor</a> from lv_tileview.o(.text.lv_tileview_constructor) referenced from lv_tileview.o(.rodata.lv_tileview_class)
 <LI><a href="#[e7]">lv_tileview_tile_constructor</a> from lv_tileview.o(.text.lv_tileview_tile_constructor) referenced from lv_tileview.o(.rodata.lv_tileview_tile_class)
 <LI><a href="#[ef]">lv_txt_unicode_to_utf8</a> from lv_txt.o(.text.lv_txt_unicode_to_utf8) referenced from lv_txt.o(.data._lv_txt_unicode_to_encoded)
 <LI><a href="#[e9]">lv_txt_utf8_get_byte_id</a> from lv_txt.o(.text.lv_txt_utf8_get_byte_id) referenced from lv_txt.o(.data._lv_txt_encoded_get_byte_id)
 <LI><a href="#[ea]">lv_txt_utf8_get_char_id</a> from lv_txt.o(.text.lv_txt_utf8_get_char_id) referenced from lv_txt.o(.data._lv_txt_encoded_get_char_id)
 <LI><a href="#[ee]">lv_txt_utf8_get_length</a> from lv_txt.o(.text.lv_txt_utf8_get_length) referenced from lv_txt.o(.data._lv_txt_get_encoded_length)
 <LI><a href="#[eb]">lv_txt_utf8_next</a> from lv_txt.o(.text.lv_txt_utf8_next) referenced from lv_txt.o(.data._lv_txt_encoded_next)
 <LI><a href="#[ec]">lv_txt_utf8_prev</a> from lv_txt.o(.text.lv_txt_utf8_prev) referenced from lv_txt.o(.data._lv_txt_encoded_prev)
 <LI><a href="#[ed]">lv_txt_utf8_size</a> from lv_txt.o(.text.lv_txt_utf8_size) referenced from lv_txt.o(.data._lv_txt_encoded_size)
 <LI><a href="#[e8]">lv_win_constructor</a> from lv_win.o(.text.lv_win_constructor) referenced from lv_win.o(.rodata.lv_win_class)
 <LI><a href="#[8f]">month_event_cb</a> from lv_calendar_header_arrow.o(.text.month_event_cb) referenced 4 times from lv_calendar_header_arrow.o(.text.my_constructor)
 <LI><a href="#[78]">msgbox_close_click_event_cb</a> from lv_msgbox.o(.text.msgbox_close_click_event_cb) referenced 2 times from lv_msgbox.o(.text.lv_msgbox_create)
 <LI><a href="#[98]">msgbox_del</a> from lv_demo_stress.o(.text.msgbox_del) referenced 2 times from lv_demo_stress.o(.text.obj_test_task_cb)
 <LI><a href="#[a9]">my_constructor</a> from lv_calendar_header_arrow.o(.text.my_constructor) referenced from lv_calendar_header_arrow.o(.rodata.lv_calendar_header_arrow_class)
 <LI><a href="#[aa]">my_constructor</a> from lv_calendar_header_dropdown.o(.text.my_constructor) referenced from lv_calendar_header_dropdown.o(.rodata.lv_calendar_header_dropdown_class)
 <LI><a href="#[5e]">obj_test_task_cb</a> from lv_demo_stress.o(.text.obj_test_task_cb) referenced 2 times from lv_demo_stress.o(.text.lv_demo_stress)
 <LI><a href="#[89]">pwd_char_hider_anim</a> from lv_textarea.o(.text.pwd_char_hider_anim) referenced 2 times from lv_textarea.o(.text.lv_textarea_add_char)
 <LI><a href="#[89]">pwd_char_hider_anim</a> from lv_textarea.o(.text.pwd_char_hider_anim) referenced 2 times from lv_textarea.o(.text.lv_textarea_add_text)
 <LI><a href="#[89]">pwd_char_hider_anim</a> from lv_textarea.o(.text.pwd_char_hider_anim) referenced 2 times from lv_textarea.o(.text.lv_textarea_set_text)
 <LI><a href="#[8a]">pwd_char_hider_anim_ready</a> from lv_textarea.o(.text.pwd_char_hider_anim_ready) referenced 2 times from lv_textarea.o(.text.lv_textarea_add_char)
 <LI><a href="#[8a]">pwd_char_hider_anim_ready</a> from lv_textarea.o(.text.pwd_char_hider_anim_ready) referenced 2 times from lv_textarea.o(.text.lv_textarea_add_text)
 <LI><a href="#[8a]">pwd_char_hider_anim_ready</a> from lv_textarea.o(.text.pwd_char_hider_anim_ready) referenced 2 times from lv_textarea.o(.text.lv_textarea_set_text)
 <LI><a href="#[7c]">scroll_anim_ready_cb</a> from lv_obj_scroll.o(.text.scroll_anim_ready_cb) referenced 2 times from lv_obj_scroll.o(.text.lv_obj_scroll_by)
 <LI><a href="#[99]">scroll_anim_ready_cb</a> from lv_roller.o(.text.scroll_anim_ready_cb) referenced 2 times from lv_roller.o(.text.refr_position)
 <LI><a href="#[7a]">scroll_x_anim</a> from lv_obj_scroll.o(.text.scroll_x_anim) referenced 2 times from lv_obj_scroll.o(.text.lv_obj_get_scroll_end)
 <LI><a href="#[7a]">scroll_x_anim</a> from lv_obj_scroll.o(.text.scroll_x_anim) referenced 4 times from lv_obj_scroll.o(.text.lv_obj_scroll_by)
 <LI><a href="#[7a]">scroll_x_anim</a> from lv_obj_scroll.o(.text.scroll_x_anim) referenced 2 times from lv_obj_scroll.o(.text.lv_obj_scroll_to)
 <LI><a href="#[7a]">scroll_x_anim</a> from lv_obj_scroll.o(.text.scroll_x_anim) referenced 2 times from lv_obj_scroll.o(.text.lv_obj_scroll_to_x)
 <LI><a href="#[7a]">scroll_x_anim</a> from lv_obj_scroll.o(.text.scroll_x_anim) referenced 2 times from lv_obj_scroll.o(.text.scroll_area_into_view)
 <LI><a href="#[7b]">scroll_y_anim</a> from lv_obj_scroll.o(.text.scroll_y_anim) referenced 2 times from lv_obj_scroll.o(.text.lv_obj_get_scroll_end)
 <LI><a href="#[7b]">scroll_y_anim</a> from lv_obj_scroll.o(.text.scroll_y_anim) referenced 4 times from lv_obj_scroll.o(.text.lv_obj_scroll_by)
 <LI><a href="#[7b]">scroll_y_anim</a> from lv_obj_scroll.o(.text.scroll_y_anim) referenced 2 times from lv_obj_scroll.o(.text.lv_obj_scroll_to)
 <LI><a href="#[7b]">scroll_y_anim</a> from lv_obj_scroll.o(.text.scroll_y_anim) referenced 2 times from lv_obj_scroll.o(.text.lv_obj_scroll_to_y)
 <LI><a href="#[7b]">scroll_y_anim</a> from lv_obj_scroll.o(.text.scroll_y_anim) referenced 2 times from lv_obj_scroll.o(.text.scroll_area_into_view)
 <LI><a href="#[73]">set_ofs_x_anim</a> from lv_label.o(.text.set_ofs_x_anim) referenced 2 times from lv_label.o(.text.lv_label_constructor)
 <LI><a href="#[73]">set_ofs_x_anim</a> from lv_label.o(.text.set_ofs_x_anim) referenced 8 times from lv_label.o(.text.lv_label_refr_text)
 <LI><a href="#[73]">set_ofs_x_anim</a> from lv_label.o(.text.set_ofs_x_anim) referenced 2 times from lv_label.o(.text.lv_label_set_long_mode)
 <LI><a href="#[74]">set_ofs_y_anim</a> from lv_label.o(.text.set_ofs_y_anim) referenced 2 times from lv_label.o(.text.lv_label_constructor)
 <LI><a href="#[74]">set_ofs_y_anim</a> from lv_label.o(.text.set_ofs_y_anim) referenced 6 times from lv_label.o(.text.lv_label_refr_text)
 <LI><a href="#[74]">set_ofs_y_anim</a> from lv_label.o(.text.set_ofs_y_anim) referenced 2 times from lv_label.o(.text.lv_label_set_long_mode)
 <LI><a href="#[95]">set_width_anim</a> from lv_demo_stress.o(.text.set_width_anim) referenced 2 times from lv_demo_stress.o(.text.obj_test_task_cb)
 <LI><a href="#[80]">set_y_anim</a> from lv_roller.o(.text.set_y_anim) referenced 2 times from lv_roller.o(.text.lv_roller_event)
 <LI><a href="#[96]">set_y_anim</a> from lv_demo_stress.o(.text.set_y_anim) referenced 2 times from lv_demo_stress.o(.text.obj_test_task_cb)
 <LI><a href="#[80]">set_y_anim</a> from lv_roller.o(.text.set_y_anim) referenced 4 times from lv_roller.o(.text.refr_position)
 <LI><a href="#[8c]">theme_apply</a> from lv_theme_default.o(.text.theme_apply) referenced 2 times from lv_theme_default.o(.text.lv_theme_default_init)
 <LI><a href="#[8d]">tileview_event_cb</a> from lv_tileview.o(.text.tileview_event_cb) referenced 2 times from lv_tileview.o(.text.lv_tileview_constructor)
 <LI><a href="#[7f]">touchpad_read</a> from lv_port_indev_template.o(.text.touchpad_read) referenced 2 times from lv_port_indev_template.o(.text.lv_port_indev_init)
 <LI><a href="#[4a]">trans_anim_cb</a> from lv_obj_style.o(.text.trans_anim_cb) referenced 2 times from lv_obj_style.o(.text._lv_obj_style_create_transition)
 <LI><a href="#[4c]">trans_anim_ready_cb</a> from lv_obj_style.o(.text.trans_anim_ready_cb) referenced 2 times from lv_obj_style.o(.text._lv_obj_style_create_transition)
 <LI><a href="#[4b]">trans_anim_start_cb</a> from lv_obj_style.o(.text.trans_anim_start_cb) referenced 2 times from lv_obj_style.o(.text._lv_obj_style_create_transition)
 <LI><a href="#[54]">unicode_list_compare</a> from lv_font_fmt_txt.o(.text.unicode_list_compare) referenced 4 times from lv_font_fmt_txt.o(.text.get_glyph_dsc_id)
 <LI><a href="#[90]">value_changed_event_cb</a> from lv_calendar_header_arrow.o(.text.value_changed_event_cb) referenced 4 times from lv_calendar_header_arrow.o(.text.my_constructor)
 <LI><a href="#[91]">year_event_cb</a> from lv_calendar_header_dropdown.o(.text.year_event_cb) referenced 2 times from lv_calendar_header_dropdown.o(.text.my_constructor)
</UL>
<P>
<H3>
Global Symbols
</H3>
<P><STRONG><a name="[44]"></a>__main</STRONG> (Thumb, 8 bytes, Stack size 0 bytes, __main.o(!!!main))
<BR><BR>[Calls]<UL><LI><a href="#[f0]">&gt;&gt;</a>&nbsp;&nbsp;&nbsp;__scatterload
<LI><a href="#[f1]">&gt;&gt;</a>&nbsp;&nbsp;&nbsp;__rt_entry
</UL>
<BR>[Address Reference Count : 1]<UL><LI> startup_stm32f411xe.o(.text)
</UL>
<P><STRONG><a name="[f0]"></a>__scatterload</STRONG> (Thumb, 0 bytes, Stack size unknown bytes, __scatter.o(!!!scatter))
<BR><BR>[Called By]<UL><LI><a href="#[44]">&gt;&gt;</a>&nbsp;&nbsp;&nbsp;__main
</UL>

<P><STRONG><a name="[f2]"></a>__scatterload_rt2</STRONG> (Thumb, 44 bytes, Stack size unknown bytes, __scatter.o(!!!scatter), UNUSED)
<BR><BR>[Calls]<UL><LI><a href="#[f1]">&gt;&gt;</a>&nbsp;&nbsp;&nbsp;__rt_entry
</UL>

<P><STRONG><a name="[36f]"></a>__scatterload_rt2_thumb_only</STRONG> (Thumb, 0 bytes, Stack size unknown bytes, __scatter.o(!!!scatter), UNUSED)

<P><STRONG><a name="[370]"></a>__scatterload_null</STRONG> (Thumb, 0 bytes, Stack size unknown bytes, __scatter.o(!!!scatter), UNUSED)

<P><STRONG><a name="[f3]"></a>__scatterload_copy</STRONG> (Thumb, 26 bytes, Stack size unknown bytes, __scatter_copy.o(!!handler_copy), UNUSED)
<BR><BR>[Calls]<UL><LI><a href="#[f3]">&gt;&gt;</a>&nbsp;&nbsp;&nbsp;__scatterload_copy
</UL>
<BR>[Called By]<UL><LI><a href="#[f3]">&gt;&gt;</a>&nbsp;&nbsp;&nbsp;__scatterload_copy
</UL>

<P><STRONG><a name="[371]"></a>__scatterload_zeroinit</STRONG> (Thumb, 28 bytes, Stack size unknown bytes, __scatter_zi.o(!!handler_zi), UNUSED)

<P><STRONG><a name="[f9]"></a>__rt_lib_init</STRONG> (Thumb, 0 bytes, Stack size unknown bytes, libinit.o(.ARM.Collect$$libinit$$00000000))
<BR><BR>[Called By]<UL><LI><a href="#[f8]">&gt;&gt;</a>&nbsp;&nbsp;&nbsp;__rt_entry_li
</UL>

<P><STRONG><a name="[f4]"></a>__rt_lib_init_fp_1</STRONG> (Thumb, 0 bytes, Stack size unknown bytes, libinit2.o(.ARM.Collect$$libinit$$00000001))
<BR><BR>[Calls]<UL><LI><a href="#[f5]">&gt;&gt;</a>&nbsp;&nbsp;&nbsp;_fp_init
</UL>

<P><STRONG><a name="[372]"></a>__rt_lib_init_alloca_1</STRONG> (Thumb, 0 bytes, Stack size unknown bytes, libinit2.o(.ARM.Collect$$libinit$$0000002E))

<P><STRONG><a name="[373]"></a>__rt_lib_init_argv_1</STRONG> (Thumb, 0 bytes, Stack size unknown bytes, libinit2.o(.ARM.Collect$$libinit$$0000002C))

<P><STRONG><a name="[374]"></a>__rt_lib_init_atexit_1</STRONG> (Thumb, 0 bytes, Stack size unknown bytes, libinit2.o(.ARM.Collect$$libinit$$0000001B))

<P><STRONG><a name="[375]"></a>__rt_lib_init_clock_1</STRONG> (Thumb, 0 bytes, Stack size unknown bytes, libinit2.o(.ARM.Collect$$libinit$$00000021))

<P><STRONG><a name="[376]"></a>__rt_lib_init_cpp_1</STRONG> (Thumb, 0 bytes, Stack size unknown bytes, libinit2.o(.ARM.Collect$$libinit$$00000032))

<P><STRONG><a name="[377]"></a>__rt_lib_init_exceptions_1</STRONG> (Thumb, 0 bytes, Stack size unknown bytes, libinit2.o(.ARM.Collect$$libinit$$00000030))

<P><STRONG><a name="[378]"></a>__rt_lib_init_fp_trap_1</STRONG> (Thumb, 0 bytes, Stack size unknown bytes, libinit2.o(.ARM.Collect$$libinit$$0000001F))

<P><STRONG><a name="[379]"></a>__rt_lib_init_getenv_1</STRONG> (Thumb, 0 bytes, Stack size unknown bytes, libinit2.o(.ARM.Collect$$libinit$$00000023))

<P><STRONG><a name="[37a]"></a>__rt_lib_init_heap_1</STRONG> (Thumb, 0 bytes, Stack size unknown bytes, libinit2.o(.ARM.Collect$$libinit$$0000000A))

<P><STRONG><a name="[37b]"></a>__rt_lib_init_lc_collate_1</STRONG> (Thumb, 0 bytes, Stack size unknown bytes, libinit2.o(.ARM.Collect$$libinit$$00000011))

<P><STRONG><a name="[37c]"></a>__rt_lib_init_lc_ctype_1</STRONG> (Thumb, 0 bytes, Stack size unknown bytes, libinit2.o(.ARM.Collect$$libinit$$00000013))

<P><STRONG><a name="[37d]"></a>__rt_lib_init_lc_monetary_1</STRONG> (Thumb, 0 bytes, Stack size unknown bytes, libinit2.o(.ARM.Collect$$libinit$$00000015))

<P><STRONG><a name="[37e]"></a>__rt_lib_init_lc_numeric_1</STRONG> (Thumb, 0 bytes, Stack size unknown bytes, libinit2.o(.ARM.Collect$$libinit$$00000017))

<P><STRONG><a name="[37f]"></a>__rt_lib_init_lc_time_1</STRONG> (Thumb, 0 bytes, Stack size unknown bytes, libinit2.o(.ARM.Collect$$libinit$$00000019))

<P><STRONG><a name="[380]"></a>__rt_lib_init_preinit_1</STRONG> (Thumb, 0 bytes, Stack size unknown bytes, libinit2.o(.ARM.Collect$$libinit$$00000004))

<P><STRONG><a name="[381]"></a>__rt_lib_init_rand_1</STRONG> (Thumb, 0 bytes, Stack size unknown bytes, libinit2.o(.ARM.Collect$$libinit$$0000000E))

<P><STRONG><a name="[382]"></a>__rt_lib_init_return</STRONG> (Thumb, 0 bytes, Stack size unknown bytes, libinit2.o(.ARM.Collect$$libinit$$00000033))

<P><STRONG><a name="[383]"></a>__rt_lib_init_signal_1</STRONG> (Thumb, 0 bytes, Stack size unknown bytes, libinit2.o(.ARM.Collect$$libinit$$0000001D))

<P><STRONG><a name="[384]"></a>__rt_lib_init_stdio_1</STRONG> (Thumb, 0 bytes, Stack size unknown bytes, libinit2.o(.ARM.Collect$$libinit$$00000025))

<P><STRONG><a name="[385]"></a>__rt_lib_init_user_alloc_1</STRONG> (Thumb, 0 bytes, Stack size unknown bytes, libinit2.o(.ARM.Collect$$libinit$$0000000C))

<P><STRONG><a name="[fe]"></a>__rt_lib_shutdown</STRONG> (Thumb, 0 bytes, Stack size unknown bytes, libshutdown.o(.ARM.Collect$$libshutdown$$00000000))
<BR><BR>[Called By]<UL><LI><a href="#[fd]">&gt;&gt;</a>&nbsp;&nbsp;&nbsp;__rt_exit_ls
</UL>

<P><STRONG><a name="[386]"></a>__rt_lib_shutdown_cpp_1</STRONG> (Thumb, 0 bytes, Stack size unknown bytes, libshutdown2.o(.ARM.Collect$$libshutdown$$00000002))

<P><STRONG><a name="[387]"></a>__rt_lib_shutdown_fp_trap_1</STRONG> (Thumb, 0 bytes, Stack size unknown bytes, libshutdown2.o(.ARM.Collect$$libshutdown$$00000007))

<P><STRONG><a name="[388]"></a>__rt_lib_shutdown_heap_1</STRONG> (Thumb, 0 bytes, Stack size unknown bytes, libshutdown2.o(.ARM.Collect$$libshutdown$$0000000F))

<P><STRONG><a name="[389]"></a>__rt_lib_shutdown_return</STRONG> (Thumb, 0 bytes, Stack size unknown bytes, libshutdown2.o(.ARM.Collect$$libshutdown$$00000010))

<P><STRONG><a name="[38a]"></a>__rt_lib_shutdown_signal_1</STRONG> (Thumb, 0 bytes, Stack size unknown bytes, libshutdown2.o(.ARM.Collect$$libshutdown$$0000000A))

<P><STRONG><a name="[38b]"></a>__rt_lib_shutdown_stdio_1</STRONG> (Thumb, 0 bytes, Stack size unknown bytes, libshutdown2.o(.ARM.Collect$$libshutdown$$00000004))

<P><STRONG><a name="[38c]"></a>__rt_lib_shutdown_user_alloc_1</STRONG> (Thumb, 0 bytes, Stack size unknown bytes, libshutdown2.o(.ARM.Collect$$libshutdown$$0000000C))

<P><STRONG><a name="[f1]"></a>__rt_entry</STRONG> (Thumb, 0 bytes, Stack size unknown bytes, __rtentry.o(.ARM.Collect$$rtentry$$00000000))
<BR><BR>[Called By]<UL><LI><a href="#[f2]">&gt;&gt;</a>&nbsp;&nbsp;&nbsp;__scatterload_rt2
<LI><a href="#[44]">&gt;&gt;</a>&nbsp;&nbsp;&nbsp;__main
</UL>

<P><STRONG><a name="[38d]"></a>__rt_entry_presh_1</STRONG> (Thumb, 0 bytes, Stack size unknown bytes, __rtentry2.o(.ARM.Collect$$rtentry$$00000002))

<P><STRONG><a name="[f6]"></a>__rt_entry_sh</STRONG> (Thumb, 0 bytes, Stack size unknown bytes, __rtentry4.o(.ARM.Collect$$rtentry$$00000004))
<BR><BR>[Stack]<UL><LI>Max Depth = 8 + Unknown Stack Size
<LI>Call Chain = __rt_entry_sh &rArr; __user_setup_stackheap
</UL>
<BR>[Calls]<UL><LI><a href="#[f7]">&gt;&gt;</a>&nbsp;&nbsp;&nbsp;__user_setup_stackheap
</UL>

<P><STRONG><a name="[f8]"></a>__rt_entry_li</STRONG> (Thumb, 0 bytes, Stack size unknown bytes, __rtentry2.o(.ARM.Collect$$rtentry$$0000000A))
<BR><BR>[Calls]<UL><LI><a href="#[f9]">&gt;&gt;</a>&nbsp;&nbsp;&nbsp;__rt_lib_init
</UL>

<P><STRONG><a name="[38e]"></a>__rt_entry_postsh_1</STRONG> (Thumb, 0 bytes, Stack size unknown bytes, __rtentry2.o(.ARM.Collect$$rtentry$$00000009))

<P><STRONG><a name="[fa]"></a>__rt_entry_main</STRONG> (Thumb, 0 bytes, Stack size unknown bytes, __rtentry2.o(.ARM.Collect$$rtentry$$0000000D))
<BR><BR>[Stack]<UL><LI>Max Depth = 332 + Unknown Stack Size
<LI>Call Chain = __rt_entry_main &rArr; main &rArr; lv_port_disp_init &rArr; lv_disp_drv_register &rArr; lv_obj_clear_flag &rArr; lv_obj_get_scrollbar_area &rArr; lv_obj_get_scroll_left &rArr; lv_obj_get_style_prop &rArr;  lv_obj_get_style_prop (Cycle)
</UL>
<BR>[Calls]<UL><LI><a href="#[fb]">&gt;&gt;</a>&nbsp;&nbsp;&nbsp;main
<LI><a href="#[fc]">&gt;&gt;</a>&nbsp;&nbsp;&nbsp;exit
</UL>

<P><STRONG><a name="[38f]"></a>__rt_entry_postli_1</STRONG> (Thumb, 0 bytes, Stack size unknown bytes, __rtentry2.o(.ARM.Collect$$rtentry$$0000000C))

<P><STRONG><a name="[109]"></a>__rt_exit</STRONG> (Thumb, 0 bytes, Stack size unknown bytes, rtexit.o(.ARM.Collect$$rtexit$$00000000))
<BR><BR>[Called By]<UL><LI><a href="#[fc]">&gt;&gt;</a>&nbsp;&nbsp;&nbsp;exit
</UL>

<P><STRONG><a name="[fd]"></a>__rt_exit_ls</STRONG> (Thumb, 0 bytes, Stack size unknown bytes, rtexit2.o(.ARM.Collect$$rtexit$$00000003))
<BR><BR>[Calls]<UL><LI><a href="#[fe]">&gt;&gt;</a>&nbsp;&nbsp;&nbsp;__rt_lib_shutdown
</UL>

<P><STRONG><a name="[390]"></a>__rt_exit_prels_1</STRONG> (Thumb, 0 bytes, Stack size unknown bytes, rtexit2.o(.ARM.Collect$$rtexit$$00000002))

<P><STRONG><a name="[ff]"></a>__rt_exit_exit</STRONG> (Thumb, 0 bytes, Stack size unknown bytes, rtexit2.o(.ARM.Collect$$rtexit$$00000004))
<BR><BR>[Calls]<UL><LI><a href="#[100]">&gt;&gt;</a>&nbsp;&nbsp;&nbsp;_sys_exit
</UL>

<P><STRONG><a name="[0]"></a>Reset_Handler</STRONG> (Thumb, 8 bytes, Stack size 0 bytes, startup_stm32f411xe.o(.text))
<BR>[Address Reference Count : 1]<UL><LI> startup_stm32f411xe.o(RESET)
</UL>
<P><STRONG><a name="[1]"></a>NMI_Handler</STRONG> (Thumb, 2 bytes, Stack size 0 bytes, startup_stm32f411xe.o(.text))
<BR><BR>[Calls]<UL><LI><a href="#[1]">&gt;&gt;</a>&nbsp;&nbsp;&nbsp;NMI_Handler
</UL>
<BR>[Called By]<UL><LI><a href="#[1]">&gt;&gt;</a>&nbsp;&nbsp;&nbsp;NMI_Handler
</UL>
<BR>[Address Reference Count : 1]<UL><LI> startup_stm32f411xe.o(RESET)
</UL>
<P><STRONG><a name="[2]"></a>HardFault_Handler</STRONG> (Thumb, 2 bytes, Stack size 0 bytes, startup_stm32f411xe.o(.text))
<BR><BR>[Calls]<UL><LI><a href="#[2]">&gt;&gt;</a>&nbsp;&nbsp;&nbsp;HardFault_Handler
</UL>
<BR>[Called By]<UL><LI><a href="#[2]">&gt;&gt;</a>&nbsp;&nbsp;&nbsp;HardFault_Handler
</UL>
<BR>[Address Reference Count : 1]<UL><LI> startup_stm32f411xe.o(RESET)
</UL>
<P><STRONG><a name="[3]"></a>MemManage_Handler</STRONG> (Thumb, 2 bytes, Stack size 0 bytes, startup_stm32f411xe.o(.text))
<BR><BR>[Calls]<UL><LI><a href="#[3]">&gt;&gt;</a>&nbsp;&nbsp;&nbsp;MemManage_Handler
</UL>
<BR>[Called By]<UL><LI><a href="#[3]">&gt;&gt;</a>&nbsp;&nbsp;&nbsp;MemManage_Handler
</UL>
<BR>[Address Reference Count : 1]<UL><LI> startup_stm32f411xe.o(RESET)
</UL>
<P><STRONG><a name="[4]"></a>BusFault_Handler</STRONG> (Thumb, 2 bytes, Stack size 0 bytes, startup_stm32f411xe.o(.text))
<BR><BR>[Calls]<UL><LI><a href="#[4]">&gt;&gt;</a>&nbsp;&nbsp;&nbsp;BusFault_Handler
</UL>
<BR>[Called By]<UL><LI><a href="#[4]">&gt;&gt;</a>&nbsp;&nbsp;&nbsp;BusFault_Handler
</UL>
<BR>[Address Reference Count : 1]<UL><LI> startup_stm32f411xe.o(RESET)
</UL>
<P><STRONG><a name="[5]"></a>UsageFault_Handler</STRONG> (Thumb, 2 bytes, Stack size 0 bytes, startup_stm32f411xe.o(.text))
<BR><BR>[Calls]<UL><LI><a href="#[5]">&gt;&gt;</a>&nbsp;&nbsp;&nbsp;UsageFault_Handler
</UL>
<BR>[Called By]<UL><LI><a href="#[5]">&gt;&gt;</a>&nbsp;&nbsp;&nbsp;UsageFault_Handler
</UL>
<BR>[Address Reference Count : 1]<UL><LI> startup_stm32f411xe.o(RESET)
</UL>
<P><STRONG><a name="[6]"></a>SVC_Handler</STRONG> (Thumb, 2 bytes, Stack size 0 bytes, startup_stm32f411xe.o(.text))
<BR><BR>[Calls]<UL><LI><a href="#[6]">&gt;&gt;</a>&nbsp;&nbsp;&nbsp;SVC_Handler
</UL>
<BR>[Called By]<UL><LI><a href="#[6]">&gt;&gt;</a>&nbsp;&nbsp;&nbsp;SVC_Handler
</UL>
<BR>[Address Reference Count : 1]<UL><LI> startup_stm32f411xe.o(RESET)
</UL>
<P><STRONG><a name="[7]"></a>DebugMon_Handler</STRONG> (Thumb, 2 bytes, Stack size 0 bytes, startup_stm32f411xe.o(.text))
<BR><BR>[Calls]<UL><LI><a href="#[7]">&gt;&gt;</a>&nbsp;&nbsp;&nbsp;DebugMon_Handler
</UL>
<BR>[Called By]<UL><LI><a href="#[7]">&gt;&gt;</a>&nbsp;&nbsp;&nbsp;DebugMon_Handler
</UL>
<BR>[Address Reference Count : 1]<UL><LI> startup_stm32f411xe.o(RESET)
</UL>
<P><STRONG><a name="[8]"></a>PendSV_Handler</STRONG> (Thumb, 2 bytes, Stack size 0 bytes, startup_stm32f411xe.o(.text))
<BR><BR>[Calls]<UL><LI><a href="#[8]">&gt;&gt;</a>&nbsp;&nbsp;&nbsp;PendSV_Handler
</UL>
<BR>[Called By]<UL><LI><a href="#[8]">&gt;&gt;</a>&nbsp;&nbsp;&nbsp;PendSV_Handler
</UL>
<BR>[Address Reference Count : 1]<UL><LI> startup_stm32f411xe.o(RESET)
</UL>
<P><STRONG><a name="[1c]"></a>ADC_IRQHandler</STRONG> (Thumb, 0 bytes, Stack size 0 bytes, startup_stm32f411xe.o(.text))
<BR><BR>[Calls]<UL><LI><a href="#[1c]">&gt;&gt;</a>&nbsp;&nbsp;&nbsp;ADC_IRQHandler
</UL>
<BR>[Called By]<UL><LI><a href="#[1c]">&gt;&gt;</a>&nbsp;&nbsp;&nbsp;ADC_IRQHandler
</UL>
<BR>[Address Reference Count : 1]<UL><LI> startup_stm32f411xe.o(RESET)
</UL>
<P><STRONG><a name="[15]"></a>DMA1_Stream0_IRQHandler</STRONG> (Thumb, 0 bytes, Stack size 0 bytes, startup_stm32f411xe.o(.text))
<BR>[Address Reference Count : 1]<UL><LI> startup_stm32f411xe.o(RESET)
</UL>
<P><STRONG><a name="[16]"></a>DMA1_Stream1_IRQHandler</STRONG> (Thumb, 0 bytes, Stack size 0 bytes, startup_stm32f411xe.o(.text))
<BR>[Address Reference Count : 1]<UL><LI> startup_stm32f411xe.o(RESET)
</UL>
<P><STRONG><a name="[17]"></a>DMA1_Stream2_IRQHandler</STRONG> (Thumb, 0 bytes, Stack size 0 bytes, startup_stm32f411xe.o(.text))
<BR>[Address Reference Count : 1]<UL><LI> startup_stm32f411xe.o(RESET)
</UL>
<P><STRONG><a name="[18]"></a>DMA1_Stream3_IRQHandler</STRONG> (Thumb, 0 bytes, Stack size 0 bytes, startup_stm32f411xe.o(.text))
<BR>[Address Reference Count : 1]<UL><LI> startup_stm32f411xe.o(RESET)
</UL>
<P><STRONG><a name="[19]"></a>DMA1_Stream4_IRQHandler</STRONG> (Thumb, 0 bytes, Stack size 0 bytes, startup_stm32f411xe.o(.text))
<BR>[Address Reference Count : 1]<UL><LI> startup_stm32f411xe.o(RESET)
</UL>
<P><STRONG><a name="[1a]"></a>DMA1_Stream5_IRQHandler</STRONG> (Thumb, 0 bytes, Stack size 0 bytes, startup_stm32f411xe.o(.text))
<BR>[Address Reference Count : 1]<UL><LI> startup_stm32f411xe.o(RESET)
</UL>
<P><STRONG><a name="[1b]"></a>DMA1_Stream6_IRQHandler</STRONG> (Thumb, 0 bytes, Stack size 0 bytes, startup_stm32f411xe.o(.text))
<BR>[Address Reference Count : 1]<UL><LI> startup_stm32f411xe.o(RESET)
</UL>
<P><STRONG><a name="[30]"></a>DMA1_Stream7_IRQHandler</STRONG> (Thumb, 0 bytes, Stack size 0 bytes, startup_stm32f411xe.o(.text))
<BR>[Address Reference Count : 1]<UL><LI> startup_stm32f411xe.o(RESET)
</UL>
<P><STRONG><a name="[34]"></a>DMA2_Stream0_IRQHandler</STRONG> (Thumb, 0 bytes, Stack size 0 bytes, startup_stm32f411xe.o(.text))
<BR>[Address Reference Count : 1]<UL><LI> startup_stm32f411xe.o(RESET)
</UL>
<P><STRONG><a name="[35]"></a>DMA2_Stream1_IRQHandler</STRONG> (Thumb, 0 bytes, Stack size 0 bytes, startup_stm32f411xe.o(.text))
<BR>[Address Reference Count : 1]<UL><LI> startup_stm32f411xe.o(RESET)
</UL>
<P><STRONG><a name="[36]"></a>DMA2_Stream2_IRQHandler</STRONG> (Thumb, 0 bytes, Stack size 0 bytes, startup_stm32f411xe.o(.text))
<BR>[Address Reference Count : 1]<UL><LI> startup_stm32f411xe.o(RESET)
</UL>
<P><STRONG><a name="[37]"></a>DMA2_Stream3_IRQHandler</STRONG> (Thumb, 0 bytes, Stack size 0 bytes, startup_stm32f411xe.o(.text))
<BR>[Address Reference Count : 1]<UL><LI> startup_stm32f411xe.o(RESET)
</UL>
<P><STRONG><a name="[38]"></a>DMA2_Stream4_IRQHandler</STRONG> (Thumb, 0 bytes, Stack size 0 bytes, startup_stm32f411xe.o(.text))
<BR>[Address Reference Count : 1]<UL><LI> startup_stm32f411xe.o(RESET)
</UL>
<P><STRONG><a name="[3a]"></a>DMA2_Stream5_IRQHandler</STRONG> (Thumb, 0 bytes, Stack size 0 bytes, startup_stm32f411xe.o(.text))
<BR>[Address Reference Count : 1]<UL><LI> startup_stm32f411xe.o(RESET)
</UL>
<P><STRONG><a name="[3b]"></a>DMA2_Stream6_IRQHandler</STRONG> (Thumb, 0 bytes, Stack size 0 bytes, startup_stm32f411xe.o(.text))
<BR>[Address Reference Count : 1]<UL><LI> startup_stm32f411xe.o(RESET)
</UL>
<P><STRONG><a name="[3c]"></a>DMA2_Stream7_IRQHandler</STRONG> (Thumb, 0 bytes, Stack size 0 bytes, startup_stm32f411xe.o(.text))
<BR>[Address Reference Count : 1]<UL><LI> startup_stm32f411xe.o(RESET)
</UL>
<P><STRONG><a name="[10]"></a>EXTI0_IRQHandler</STRONG> (Thumb, 0 bytes, Stack size 0 bytes, startup_stm32f411xe.o(.text))
<BR>[Address Reference Count : 1]<UL><LI> startup_stm32f411xe.o(RESET)
</UL>
<P><STRONG><a name="[2d]"></a>EXTI15_10_IRQHandler</STRONG> (Thumb, 0 bytes, Stack size 0 bytes, startup_stm32f411xe.o(.text))
<BR>[Address Reference Count : 1]<UL><LI> startup_stm32f411xe.o(RESET)
</UL>
<P><STRONG><a name="[11]"></a>EXTI1_IRQHandler</STRONG> (Thumb, 0 bytes, Stack size 0 bytes, startup_stm32f411xe.o(.text))
<BR>[Address Reference Count : 1]<UL><LI> startup_stm32f411xe.o(RESET)
</UL>
<P><STRONG><a name="[12]"></a>EXTI2_IRQHandler</STRONG> (Thumb, 0 bytes, Stack size 0 bytes, startup_stm32f411xe.o(.text))
<BR>[Address Reference Count : 1]<UL><LI> startup_stm32f411xe.o(RESET)
</UL>
<P><STRONG><a name="[13]"></a>EXTI3_IRQHandler</STRONG> (Thumb, 0 bytes, Stack size 0 bytes, startup_stm32f411xe.o(.text))
<BR>[Address Reference Count : 1]<UL><LI> startup_stm32f411xe.o(RESET)
</UL>
<P><STRONG><a name="[14]"></a>EXTI4_IRQHandler</STRONG> (Thumb, 0 bytes, Stack size 0 bytes, startup_stm32f411xe.o(.text))
<BR>[Address Reference Count : 1]<UL><LI> startup_stm32f411xe.o(RESET)
</UL>
<P><STRONG><a name="[1d]"></a>EXTI9_5_IRQHandler</STRONG> (Thumb, 0 bytes, Stack size 0 bytes, startup_stm32f411xe.o(.text))
<BR>[Address Reference Count : 1]<UL><LI> startup_stm32f411xe.o(RESET)
</UL>
<P><STRONG><a name="[e]"></a>FLASH_IRQHandler</STRONG> (Thumb, 0 bytes, Stack size 0 bytes, startup_stm32f411xe.o(.text))
<BR>[Address Reference Count : 1]<UL><LI> startup_stm32f411xe.o(RESET)
</UL>
<P><STRONG><a name="[40]"></a>FPU_IRQHandler</STRONG> (Thumb, 0 bytes, Stack size 0 bytes, startup_stm32f411xe.o(.text))
<BR>[Address Reference Count : 1]<UL><LI> startup_stm32f411xe.o(RESET)
</UL>
<P><STRONG><a name="[26]"></a>I2C1_ER_IRQHandler</STRONG> (Thumb, 0 bytes, Stack size 0 bytes, startup_stm32f411xe.o(.text))
<BR>[Address Reference Count : 1]<UL><LI> startup_stm32f411xe.o(RESET)
</UL>
<P><STRONG><a name="[25]"></a>I2C1_EV_IRQHandler</STRONG> (Thumb, 0 bytes, Stack size 0 bytes, startup_stm32f411xe.o(.text))
<BR>[Address Reference Count : 1]<UL><LI> startup_stm32f411xe.o(RESET)
</UL>
<P><STRONG><a name="[28]"></a>I2C2_ER_IRQHandler</STRONG> (Thumb, 0 bytes, Stack size 0 bytes, startup_stm32f411xe.o(.text))
<BR>[Address Reference Count : 1]<UL><LI> startup_stm32f411xe.o(RESET)
</UL>
<P><STRONG><a name="[27]"></a>I2C2_EV_IRQHandler</STRONG> (Thumb, 0 bytes, Stack size 0 bytes, startup_stm32f411xe.o(.text))
<BR>[Address Reference Count : 1]<UL><LI> startup_stm32f411xe.o(RESET)
</UL>
<P><STRONG><a name="[3f]"></a>I2C3_ER_IRQHandler</STRONG> (Thumb, 0 bytes, Stack size 0 bytes, startup_stm32f411xe.o(.text))
<BR>[Address Reference Count : 1]<UL><LI> startup_stm32f411xe.o(RESET)
</UL>
<P><STRONG><a name="[3e]"></a>I2C3_EV_IRQHandler</STRONG> (Thumb, 0 bytes, Stack size 0 bytes, startup_stm32f411xe.o(.text))
<BR>[Address Reference Count : 1]<UL><LI> startup_stm32f411xe.o(RESET)
</UL>
<P><STRONG><a name="[39]"></a>OTG_FS_IRQHandler</STRONG> (Thumb, 0 bytes, Stack size 0 bytes, startup_stm32f411xe.o(.text))
<BR>[Address Reference Count : 1]<UL><LI> startup_stm32f411xe.o(RESET)
</UL>
<P><STRONG><a name="[2f]"></a>OTG_FS_WKUP_IRQHandler</STRONG> (Thumb, 0 bytes, Stack size 0 bytes, startup_stm32f411xe.o(.text))
<BR>[Address Reference Count : 1]<UL><LI> startup_stm32f411xe.o(RESET)
</UL>
<P><STRONG><a name="[b]"></a>PVD_IRQHandler</STRONG> (Thumb, 0 bytes, Stack size 0 bytes, startup_stm32f411xe.o(.text))
<BR>[Address Reference Count : 1]<UL><LI> startup_stm32f411xe.o(RESET)
</UL>
<P><STRONG><a name="[f]"></a>RCC_IRQHandler</STRONG> (Thumb, 0 bytes, Stack size 0 bytes, startup_stm32f411xe.o(.text))
<BR>[Address Reference Count : 1]<UL><LI> startup_stm32f411xe.o(RESET)
</UL>
<P><STRONG><a name="[2e]"></a>RTC_Alarm_IRQHandler</STRONG> (Thumb, 0 bytes, Stack size 0 bytes, startup_stm32f411xe.o(.text))
<BR>[Address Reference Count : 1]<UL><LI> startup_stm32f411xe.o(RESET)
</UL>
<P><STRONG><a name="[d]"></a>RTC_WKUP_IRQHandler</STRONG> (Thumb, 0 bytes, Stack size 0 bytes, startup_stm32f411xe.o(.text))
<BR>[Address Reference Count : 1]<UL><LI> startup_stm32f411xe.o(RESET)
</UL>
<P><STRONG><a name="[31]"></a>SDIO_IRQHandler</STRONG> (Thumb, 0 bytes, Stack size 0 bytes, startup_stm32f411xe.o(.text))
<BR>[Address Reference Count : 1]<UL><LI> startup_stm32f411xe.o(RESET)
</UL>
<P><STRONG><a name="[29]"></a>SPI1_IRQHandler</STRONG> (Thumb, 0 bytes, Stack size 0 bytes, startup_stm32f411xe.o(.text))
<BR>[Address Reference Count : 1]<UL><LI> startup_stm32f411xe.o(RESET)
</UL>
<P><STRONG><a name="[2a]"></a>SPI2_IRQHandler</STRONG> (Thumb, 0 bytes, Stack size 0 bytes, startup_stm32f411xe.o(.text))
<BR>[Address Reference Count : 1]<UL><LI> startup_stm32f411xe.o(RESET)
</UL>
<P><STRONG><a name="[33]"></a>SPI3_IRQHandler</STRONG> (Thumb, 0 bytes, Stack size 0 bytes, startup_stm32f411xe.o(.text))
<BR>[Address Reference Count : 1]<UL><LI> startup_stm32f411xe.o(RESET)
</UL>
<P><STRONG><a name="[41]"></a>SPI4_IRQHandler</STRONG> (Thumb, 0 bytes, Stack size 0 bytes, startup_stm32f411xe.o(.text))
<BR>[Address Reference Count : 1]<UL><LI> startup_stm32f411xe.o(RESET)
</UL>
<P><STRONG><a name="[42]"></a>SPI5_IRQHandler</STRONG> (Thumb, 0 bytes, Stack size 0 bytes, startup_stm32f411xe.o(.text))
<BR>[Address Reference Count : 1]<UL><LI> startup_stm32f411xe.o(RESET)
</UL>
<P><STRONG><a name="[c]"></a>TAMP_STAMP_IRQHandler</STRONG> (Thumb, 0 bytes, Stack size 0 bytes, startup_stm32f411xe.o(.text))
<BR>[Address Reference Count : 1]<UL><LI> startup_stm32f411xe.o(RESET)
</UL>
<P><STRONG><a name="[1e]"></a>TIM1_BRK_TIM9_IRQHandler</STRONG> (Thumb, 0 bytes, Stack size 0 bytes, startup_stm32f411xe.o(.text))
<BR>[Address Reference Count : 1]<UL><LI> startup_stm32f411xe.o(RESET)
</UL>
<P><STRONG><a name="[21]"></a>TIM1_CC_IRQHandler</STRONG> (Thumb, 0 bytes, Stack size 0 bytes, startup_stm32f411xe.o(.text))
<BR>[Address Reference Count : 1]<UL><LI> startup_stm32f411xe.o(RESET)
</UL>
<P><STRONG><a name="[20]"></a>TIM1_TRG_COM_TIM11_IRQHandler</STRONG> (Thumb, 0 bytes, Stack size 0 bytes, startup_stm32f411xe.o(.text))
<BR>[Address Reference Count : 1]<UL><LI> startup_stm32f411xe.o(RESET)
</UL>
<P><STRONG><a name="[22]"></a>TIM2_IRQHandler</STRONG> (Thumb, 0 bytes, Stack size 0 bytes, startup_stm32f411xe.o(.text))
<BR>[Address Reference Count : 1]<UL><LI> startup_stm32f411xe.o(RESET)
</UL>
<P><STRONG><a name="[23]"></a>TIM3_IRQHandler</STRONG> (Thumb, 0 bytes, Stack size 0 bytes, startup_stm32f411xe.o(.text))
<BR>[Address Reference Count : 1]<UL><LI> startup_stm32f411xe.o(RESET)
</UL>
<P><STRONG><a name="[24]"></a>TIM4_IRQHandler</STRONG> (Thumb, 0 bytes, Stack size 0 bytes, startup_stm32f411xe.o(.text))
<BR>[Address Reference Count : 1]<UL><LI> startup_stm32f411xe.o(RESET)
</UL>
<P><STRONG><a name="[32]"></a>TIM5_IRQHandler</STRONG> (Thumb, 0 bytes, Stack size 0 bytes, startup_stm32f411xe.o(.text))
<BR>[Address Reference Count : 1]<UL><LI> startup_stm32f411xe.o(RESET)
</UL>
<P><STRONG><a name="[2b]"></a>USART1_IRQHandler</STRONG> (Thumb, 0 bytes, Stack size 0 bytes, startup_stm32f411xe.o(.text))
<BR>[Address Reference Count : 1]<UL><LI> startup_stm32f411xe.o(RESET)
</UL>
<P><STRONG><a name="[2c]"></a>USART2_IRQHandler</STRONG> (Thumb, 0 bytes, Stack size 0 bytes, startup_stm32f411xe.o(.text))
<BR>[Address Reference Count : 1]<UL><LI> startup_stm32f411xe.o(RESET)
</UL>
<P><STRONG><a name="[3d]"></a>USART6_IRQHandler</STRONG> (Thumb, 0 bytes, Stack size 0 bytes, startup_stm32f411xe.o(.text))
<BR>[Address Reference Count : 1]<UL><LI> startup_stm32f411xe.o(RESET)
</UL>
<P><STRONG><a name="[a]"></a>WWDG_IRQHandler</STRONG> (Thumb, 0 bytes, Stack size 0 bytes, startup_stm32f411xe.o(.text))
<BR>[Address Reference Count : 1]<UL><LI> startup_stm32f411xe.o(RESET)
</UL>
<P><STRONG><a name="[108]"></a>__user_initial_stackheap</STRONG> (Thumb, 0 bytes, Stack size unknown bytes, startup_stm32f411xe.o(.text))
<BR><BR>[Called By]<UL><LI><a href="#[f7]">&gt;&gt;</a>&nbsp;&nbsp;&nbsp;__user_setup_stackheap
</UL>

<P><STRONG><a name="[114]"></a>__aeabi_uldivmod</STRONG> (Thumb, 0 bytes, Stack size 48 bytes, lludivv7m.o(.text))
<BR><BR>[Stack]<UL><LI>Max Depth = 48<LI>Call Chain = __aeabi_uldivmod
</UL>
<BR>[Called By]<UL><LI><a href="#[113]">&gt;&gt;</a>&nbsp;&nbsp;&nbsp;HAL_RCC_GetSysClockFreq
<LI><a href="#[12c]">&gt;&gt;</a>&nbsp;&nbsp;&nbsp;UART_SetConfig
<LI><a href="#[18b]">&gt;&gt;</a>&nbsp;&nbsp;&nbsp;_vsnprintf
</UL>

<P><STRONG><a name="[391]"></a>_ll_udiv</STRONG> (Thumb, 240 bytes, Stack size 48 bytes, lludivv7m.o(.text), UNUSED)

<P><STRONG><a name="[23d]"></a>strcpy</STRONG> (Thumb, 72 bytes, Stack size 12 bytes, strcpy.o(.text))
<BR><BR>[Stack]<UL><LI>Max Depth = 12<LI>Call Chain = strcpy
</UL>
<BR>[Called By]<UL><LI><a href="#[285]">&gt;&gt;</a>&nbsp;&nbsp;&nbsp;lv_img_set_src
<LI><a href="#[15f]">&gt;&gt;</a>&nbsp;&nbsp;&nbsp;lv_img_decoder_open
<LI><a href="#[353]">&gt;&gt;</a>&nbsp;&nbsp;&nbsp;lv_tabview_add_tab
<LI><a href="#[31d]">&gt;&gt;</a>&nbsp;&nbsp;&nbsp;lv_textarea_set_text
<LI><a href="#[1fc]">&gt;&gt;</a>&nbsp;&nbsp;&nbsp;lv_label_set_text
<LI><a href="#[26c]">&gt;&gt;</a>&nbsp;&nbsp;&nbsp;lv_dropdown_set_options
<LI><a href="#[30d]">&gt;&gt;</a>&nbsp;&nbsp;&nbsp;lv_roller_set_options
<LI><a href="#[23c]">&gt;&gt;</a>&nbsp;&nbsp;&nbsp;lv_checkbox_set_text
<LI><a href="#[35b]">&gt;&gt;</a>&nbsp;&nbsp;&nbsp;lv_textarea_set_placeholder_text
<LI><a href="#[34f]">&gt;&gt;</a>&nbsp;&nbsp;&nbsp;lv_table_set_cell_value
</UL>

<P><STRONG><a name="[184]"></a>strlen</STRONG> (Thumb, 62 bytes, Stack size 8 bytes, strlen.o(.text))
<BR><BR>[Stack]<UL><LI>Max Depth = 8<LI>Call Chain = strlen
</UL>
<BR>[Called By]<UL><LI><a href="#[285]">&gt;&gt;</a>&nbsp;&nbsp;&nbsp;lv_img_set_src
<LI><a href="#[275]">&gt;&gt;</a>&nbsp;&nbsp;&nbsp;lv_fs_get_ext
<LI><a href="#[15f]">&gt;&gt;</a>&nbsp;&nbsp;&nbsp;lv_img_decoder_open
<LI><a href="#[353]">&gt;&gt;</a>&nbsp;&nbsp;&nbsp;lv_tabview_add_tab
<LI><a href="#[31d]">&gt;&gt;</a>&nbsp;&nbsp;&nbsp;lv_textarea_set_text
<LI><a href="#[316]">&gt;&gt;</a>&nbsp;&nbsp;&nbsp;lv_spinbox_updatevalue
<LI><a href="#[d8]">&gt;&gt;</a>&nbsp;&nbsp;&nbsp;lv_spinbox_event
<LI><a href="#[1fc]">&gt;&gt;</a>&nbsp;&nbsp;&nbsp;lv_label_set_text
<LI><a href="#[29a]">&gt;&gt;</a>&nbsp;&nbsp;&nbsp;lv_textarea_del_char
<LI><a href="#[295]">&gt;&gt;</a>&nbsp;&nbsp;&nbsp;lv_textarea_add_text
<LI><a href="#[296]">&gt;&gt;</a>&nbsp;&nbsp;&nbsp;lv_textarea_add_char
<LI><a href="#[26c]">&gt;&gt;</a>&nbsp;&nbsp;&nbsp;lv_dropdown_set_options
<LI><a href="#[30d]">&gt;&gt;</a>&nbsp;&nbsp;&nbsp;lv_roller_set_options
<LI><a href="#[2a5]">&gt;&gt;</a>&nbsp;&nbsp;&nbsp;lv_label_ins_text
<LI><a href="#[2a0]">&gt;&gt;</a>&nbsp;&nbsp;&nbsp;lv_label_refr_text
<LI><a href="#[b5]">&gt;&gt;</a>&nbsp;&nbsp;&nbsp;lv_dropdown_event
<LI><a href="#[23c]">&gt;&gt;</a>&nbsp;&nbsp;&nbsp;lv_checkbox_set_text
<LI><a href="#[187]">&gt;&gt;</a>&nbsp;&nbsp;&nbsp;_lv_txt_ins
<LI><a href="#[183]">&gt;&gt;</a>&nbsp;&nbsp;&nbsp;_lv_txt_cut
<LI><a href="#[35b]">&gt;&gt;</a>&nbsp;&nbsp;&nbsp;lv_textarea_set_placeholder_text
<LI><a href="#[34f]">&gt;&gt;</a>&nbsp;&nbsp;&nbsp;lv_table_set_cell_value
</UL>

<P><STRONG><a name="[278]"></a>__aeabi_memcpy</STRONG> (Thumb, 0 bytes, Stack size 0 bytes, rt_memcpy_v6.o(.text))
<BR><BR>[Called By]<UL><LI><a href="#[277]">&gt;&gt;</a>&nbsp;&nbsp;&nbsp;lv_fs_read
</UL>

<P><STRONG><a name="[101]"></a>__rt_memcpy</STRONG> (Thumb, 138 bytes, Stack size 0 bytes, rt_memcpy_v6.o(.text), UNUSED)
<BR><BR>[Calls]<UL><LI><a href="#[102]">&gt;&gt;</a>&nbsp;&nbsp;&nbsp;__aeabi_memcpy4
</UL>

<P><STRONG><a name="[392]"></a>_memcpy_lastbytes</STRONG> (Thumb, 0 bytes, Stack size unknown bytes, rt_memcpy_v6.o(.text), UNUSED)

<P><STRONG><a name="[103]"></a>__aeabi_memset</STRONG> (Thumb, 16 bytes, Stack size 0 bytes, aeabi_memset.o(.text))
<BR><BR>[Stack]<UL><LI>Max Depth = 4<LI>Call Chain = __aeabi_memset &rArr; _memset &rArr; _memset_w
</UL>
<BR>[Calls]<UL><LI><a href="#[104]">&gt;&gt;</a>&nbsp;&nbsp;&nbsp;_memset
</UL>
<BR>[Called By]<UL><LI><a href="#[1ae]">&gt;&gt;</a>&nbsp;&nbsp;&nbsp;lv_memset
<LI><a href="#[1bd]">&gt;&gt;</a>&nbsp;&nbsp;&nbsp;lv_memset_ff
<LI><a href="#[18a]">&gt;&gt;</a>&nbsp;&nbsp;&nbsp;_ntoa_format
</UL>

<P><STRONG><a name="[105]"></a>__aeabi_memset4</STRONG> (Thumb, 16 bytes, Stack size 0 bytes, aeabi_memset4.o(.text))
<BR><BR>[Stack]<UL><LI>Max Depth = 4<LI>Call Chain = __aeabi_memset4 &rArr; _memset_w
</UL>
<BR>[Calls]<UL><LI><a href="#[106]">&gt;&gt;</a>&nbsp;&nbsp;&nbsp;_memset_w
</UL>
<BR>[Called By]<UL><LI><a href="#[1bd]">&gt;&gt;</a>&nbsp;&nbsp;&nbsp;lv_memset_ff
<LI><a href="#[316]">&gt;&gt;</a>&nbsp;&nbsp;&nbsp;lv_spinbox_updatevalue
</UL>

<P><STRONG><a name="[393]"></a>__aeabi_memset8</STRONG> (Thumb, 0 bytes, Stack size 0 bytes, aeabi_memset4.o(.text), UNUSED)

<P><STRONG><a name="[2b5]"></a>__aeabi_memclr</STRONG> (Thumb, 0 bytes, Stack size unknown bytes, rt_memclr.o(.text))
<BR><BR>[Called By]<UL><LI><a href="#[14d]">&gt;&gt;</a>&nbsp;&nbsp;&nbsp;lv_memset_00
<LI><a href="#[2b4]">&gt;&gt;</a>&nbsp;&nbsp;&nbsp;lv_mem_monitor
</UL>

<P><STRONG><a name="[394]"></a>__rt_memclr</STRONG> (Thumb, 0 bytes, Stack size unknown bytes, rt_memclr.o(.text), UNUSED)

<P><STRONG><a name="[104]"></a>_memset</STRONG> (Thumb, 64 bytes, Stack size 0 bytes, rt_memclr.o(.text))
<BR><BR>[Stack]<UL><LI>Max Depth = 4<LI>Call Chain = _memset &rArr; _memset_w
</UL>
<BR>[Calls]<UL><LI><a href="#[106]">&gt;&gt;</a>&nbsp;&nbsp;&nbsp;_memset_w
</UL>
<BR>[Called By]<UL><LI><a href="#[103]">&gt;&gt;</a>&nbsp;&nbsp;&nbsp;__aeabi_memset
</UL>

<P><STRONG><a name="[2b6]"></a>__aeabi_memclr4</STRONG> (Thumb, 0 bytes, Stack size unknown bytes, rt_memclr_w.o(.text))
<BR><BR>[Called By]<UL><LI><a href="#[14d]">&gt;&gt;</a>&nbsp;&nbsp;&nbsp;lv_memset_00
<LI><a href="#[360]">&gt;&gt;</a>&nbsp;&nbsp;&nbsp;lv_tlsf_create
<LI><a href="#[2b4]">&gt;&gt;</a>&nbsp;&nbsp;&nbsp;lv_mem_monitor
</UL>

<P><STRONG><a name="[395]"></a>__aeabi_memclr8</STRONG> (Thumb, 0 bytes, Stack size unknown bytes, rt_memclr_w.o(.text), UNUSED)

<P><STRONG><a name="[396]"></a>__rt_memclr_w</STRONG> (Thumb, 0 bytes, Stack size unknown bytes, rt_memclr_w.o(.text), UNUSED)

<P><STRONG><a name="[106]"></a>_memset_w</STRONG> (Thumb, 74 bytes, Stack size 4 bytes, rt_memclr_w.o(.text))
<BR><BR>[Stack]<UL><LI>Max Depth = 4<LI>Call Chain = _memset_w
</UL>
<BR>[Called By]<UL><LI><a href="#[104]">&gt;&gt;</a>&nbsp;&nbsp;&nbsp;_memset
<LI><a href="#[105]">&gt;&gt;</a>&nbsp;&nbsp;&nbsp;__aeabi_memset4
</UL>

<P><STRONG><a name="[225]"></a>strcmp</STRONG> (Thumb, 124 bytes, Stack size 8 bytes, strcmpv7em.o(.text))
<BR><BR>[Stack]<UL><LI>Max Depth = 8<LI>Call Chain = strcmp
</UL>
<BR>[Called By]<UL><LI><a href="#[227]">&gt;&gt;</a>&nbsp;&nbsp;&nbsp;lv_btnmatrix_get_btn_text
<LI><a href="#[47]">&gt;&gt;</a>&nbsp;&nbsp;&nbsp;lv_img_decoder_built_in_open
<LI><a href="#[46]">&gt;&gt;</a>&nbsp;&nbsp;&nbsp;lv_img_decoder_built_in_info
<LI><a href="#[29a]">&gt;&gt;</a>&nbsp;&nbsp;&nbsp;lv_textarea_del_char
<LI><a href="#[295]">&gt;&gt;</a>&nbsp;&nbsp;&nbsp;lv_textarea_add_text
<LI><a href="#[296]">&gt;&gt;</a>&nbsp;&nbsp;&nbsp;lv_textarea_add_char
<LI><a href="#[72]">&gt;&gt;</a>&nbsp;&nbsp;&nbsp;lv_keyboard_def_event_cb
<LI><a href="#[221]">&gt;&gt;</a>&nbsp;&nbsp;&nbsp;lv_btnmatrix_set_map
<LI><a href="#[a7]">&gt;&gt;</a>&nbsp;&nbsp;&nbsp;lv_btnmatrix_event
</UL>

<P><STRONG><a name="[397]"></a>__use_two_region_memory</STRONG> (Thumb, 2 bytes, Stack size 0 bytes, heapauxi.o(.text), UNUSED)

<P><STRONG><a name="[398]"></a>__rt_heap_escrow$2region</STRONG> (Thumb, 2 bytes, Stack size 0 bytes, heapauxi.o(.text), UNUSED)

<P><STRONG><a name="[399]"></a>__rt_heap_expand$2region</STRONG> (Thumb, 2 bytes, Stack size 0 bytes, heapauxi.o(.text), UNUSED)

<P><STRONG><a name="[102]"></a>__aeabi_memcpy4</STRONG> (Thumb, 0 bytes, Stack size 8 bytes, rt_memcpy_w.o(.text), UNUSED)
<BR><BR>[Called By]<UL><LI><a href="#[101]">&gt;&gt;</a>&nbsp;&nbsp;&nbsp;__rt_memcpy
</UL>

<P><STRONG><a name="[39a]"></a>__aeabi_memcpy8</STRONG> (Thumb, 0 bytes, Stack size 8 bytes, rt_memcpy_w.o(.text), UNUSED)

<P><STRONG><a name="[39b]"></a>__rt_memcpy_w</STRONG> (Thumb, 100 bytes, Stack size 8 bytes, rt_memcpy_w.o(.text), UNUSED)

<P><STRONG><a name="[39c]"></a>_memcpy_lastbytes_aligned</STRONG> (Thumb, 0 bytes, Stack size unknown bytes, rt_memcpy_w.o(.text), UNUSED)

<P><STRONG><a name="[100]"></a>_sys_exit</STRONG> (Thumb, 8 bytes, Stack size 0 bytes, sys_exit.o(.text))
<BR><BR>[Called By]<UL><LI><a href="#[ff]">&gt;&gt;</a>&nbsp;&nbsp;&nbsp;__rt_exit_exit
</UL>

<P><STRONG><a name="[39d]"></a>__I$use$semihosting</STRONG> (Thumb, 0 bytes, Stack size 0 bytes, use_no_semi.o(.text), UNUSED)

<P><STRONG><a name="[39e]"></a>__use_no_semihosting_swi</STRONG> (Thumb, 2 bytes, Stack size 0 bytes, use_no_semi.o(.text), UNUSED)

<P><STRONG><a name="[39f]"></a>__semihosting_library_function</STRONG> (Thumb, 0 bytes, Stack size 8 bytes, indicate_semi.o(.text), UNUSED)

<P><STRONG><a name="[f7]"></a>__user_setup_stackheap</STRONG> (Thumb, 74 bytes, Stack size 8 bytes, sys_stackheap_outer.o(.text))
<BR><BR>[Stack]<UL><LI>Max Depth = 8 + Unknown Stack Size
<LI>Call Chain = __user_setup_stackheap
</UL>
<BR>[Calls]<UL><LI><a href="#[108]">&gt;&gt;</a>&nbsp;&nbsp;&nbsp;__user_initial_stackheap
<LI><a href="#[107]">&gt;&gt;</a>&nbsp;&nbsp;&nbsp;__user_perproc_libspace
</UL>
<BR>[Called By]<UL><LI><a href="#[f6]">&gt;&gt;</a>&nbsp;&nbsp;&nbsp;__rt_entry_sh
</UL>

<P><STRONG><a name="[fc]"></a>exit</STRONG> (Thumb, 18 bytes, Stack size 8 bytes, exit.o(.text))
<BR><BR>[Stack]<UL><LI>Max Depth = 8 + Unknown Stack Size
<LI>Call Chain = exit
</UL>
<BR>[Calls]<UL><LI><a href="#[109]">&gt;&gt;</a>&nbsp;&nbsp;&nbsp;__rt_exit
</UL>
<BR>[Called By]<UL><LI><a href="#[fa]">&gt;&gt;</a>&nbsp;&nbsp;&nbsp;__rt_entry_main
</UL>

<P><STRONG><a name="[3a0]"></a>__user_libspace</STRONG> (Thumb, 8 bytes, Stack size 0 bytes, libspace.o(.text), UNUSED)

<P><STRONG><a name="[107]"></a>__user_perproc_libspace</STRONG> (Thumb, 0 bytes, Stack size 0 bytes, libspace.o(.text))
<BR><BR>[Called By]<UL><LI><a href="#[f7]">&gt;&gt;</a>&nbsp;&nbsp;&nbsp;__user_setup_stackheap
</UL>

<P><STRONG><a name="[3a1]"></a>__user_perthread_libspace</STRONG> (Thumb, 0 bytes, Stack size 0 bytes, libspace.o(.text), UNUSED)

<P><STRONG><a name="[10a]"></a>HAL_Delay</STRONG> (Thumb, 40 bytes, Stack size 16 bytes, stm32f4xx_hal.o(.text.HAL_Delay))
<BR><BR>[Stack]<UL><LI>Max Depth = 16<LI>Call Chain = HAL_Delay
</UL>
<BR>[Calls]<UL><LI><a href="#[10b]">&gt;&gt;</a>&nbsp;&nbsp;&nbsp;HAL_GetTick
</UL>
<BR>[Called By]<UL><LI><a href="#[fb]">&gt;&gt;</a>&nbsp;&nbsp;&nbsp;main
<LI><a href="#[12f]">&gt;&gt;</a>&nbsp;&nbsp;&nbsp;ILI9341_Init
</UL>

<P><STRONG><a name="[118]"></a>HAL_GPIO_Init</STRONG> (Thumb, 442 bytes, Stack size 44 bytes, stm32f4xx_hal_gpio.o(.text.HAL_GPIO_Init))
<BR><BR>[Stack]<UL><LI>Max Depth = 44<LI>Call Chain = HAL_GPIO_Init
</UL>
<BR>[Called By]<UL><LI><a href="#[12b]">&gt;&gt;</a>&nbsp;&nbsp;&nbsp;HAL_UART_MspInit
<LI><a href="#[117]">&gt;&gt;</a>&nbsp;&nbsp;&nbsp;HAL_SPI_MspInit
<LI><a href="#[fb]">&gt;&gt;</a>&nbsp;&nbsp;&nbsp;main
</UL>

<P><STRONG><a name="[131]"></a>HAL_GPIO_ReadPin</STRONG> (Thumb, 10 bytes, Stack size 0 bytes, stm32f4xx_hal_gpio.o(.text.HAL_GPIO_ReadPin))
<BR><BR>[Called By]<UL><LI><a href="#[130]">&gt;&gt;</a>&nbsp;&nbsp;&nbsp;ILI9341_TouchGetCoordinates
<LI><a href="#[132]">&gt;&gt;</a>&nbsp;&nbsp;&nbsp;ILI9341_TouchPressed
</UL>

<P><STRONG><a name="[129]"></a>HAL_GPIO_TogglePin</STRONG> (Thumb, 16 bytes, Stack size 0 bytes, stm32f4xx_hal_gpio.o(.text.HAL_GPIO_TogglePin))
<BR><BR>[Called By]<UL><LI><a href="#[126]">&gt;&gt;</a>&nbsp;&nbsp;&nbsp;HAL_TIM_PeriodElapsedCallback
</UL>

<P><STRONG><a name="[12e]"></a>HAL_GPIO_WritePin</STRONG> (Thumb, 10 bytes, Stack size 0 bytes, stm32f4xx_hal_gpio.o(.text.HAL_GPIO_WritePin))
<BR><BR>[Called By]<UL><LI><a href="#[fb]">&gt;&gt;</a>&nbsp;&nbsp;&nbsp;main
<LI><a href="#[134]">&gt;&gt;</a>&nbsp;&nbsp;&nbsp;ILI9341_Unselect
<LI><a href="#[133]">&gt;&gt;</a>&nbsp;&nbsp;&nbsp;ILI9341_TouchUnselect
<LI><a href="#[130]">&gt;&gt;</a>&nbsp;&nbsp;&nbsp;ILI9341_TouchGetCoordinates
<LI><a href="#[12f]">&gt;&gt;</a>&nbsp;&nbsp;&nbsp;ILI9341_Init
<LI><a href="#[12d]">&gt;&gt;</a>&nbsp;&nbsp;&nbsp;ILI9341_FillRectangle_3
</UL>

<P><STRONG><a name="[10b]"></a>HAL_GetTick</STRONG> (Thumb, 12 bytes, Stack size 0 bytes, stm32f4xx_hal.o(.text.HAL_GetTick))
<BR><BR>[Called By]<UL><LI><a href="#[11b]">&gt;&gt;</a>&nbsp;&nbsp;&nbsp;HAL_SPI_TransmitReceive
<LI><a href="#[119]">&gt;&gt;</a>&nbsp;&nbsp;&nbsp;HAL_SPI_Transmit
<LI><a href="#[11a]">&gt;&gt;</a>&nbsp;&nbsp;&nbsp;SPI_WaitFlagStateUntilTimeout
<LI><a href="#[115]">&gt;&gt;</a>&nbsp;&nbsp;&nbsp;HAL_RCC_OscConfig
<LI><a href="#[112]">&gt;&gt;</a>&nbsp;&nbsp;&nbsp;HAL_RCC_ClockConfig
<LI><a href="#[10a]">&gt;&gt;</a>&nbsp;&nbsp;&nbsp;HAL_Delay
</UL>

<P><STRONG><a name="[135]"></a>HAL_IncTick</STRONG> (Thumb, 26 bytes, Stack size 0 bytes, stm32f4xx_hal.o(.text.HAL_IncTick))
[...]
<LI><a href="#[20e]">&gt;&gt;</a>&nbsp;&nbsp;&nbsp;lv_event_get_draw_ctx
<LI><a href="#[1a2]">&gt;&gt;</a>&nbsp;&nbsp;&nbsp;lv_event_get_code
<LI><a href="#[193]">&gt;&gt;</a>&nbsp;&nbsp;&nbsp;lv_obj_invalidate
<LI><a href="#[172]">&gt;&gt;</a>&nbsp;&nbsp;&nbsp;lv_event_send
<LI><a href="#[1b6]">&gt;&gt;</a>&nbsp;&nbsp;&nbsp;lv_txt_get_size
<LI><a href="#[1b7]">&gt;&gt;</a>&nbsp;&nbsp;&nbsp;lv_draw_label_dsc_init
<LI><a href="#[1b8]">&gt;&gt;</a>&nbsp;&nbsp;&nbsp;lv_draw_label
<LI><a href="#[34e]">&gt;&gt;</a>&nbsp;&nbsp;&nbsp;refr_size
</UL>
<BR>[Address Reference Count : 1]<UL><LI> lv_table.o(.rodata.lv_table_class)
</UL>
<P><STRONG><a name="[34e]"></a>refr_size</STRONG> (Thumb, 268 bytes, Stack size 80 bytes, lv_table.o(.text.refr_size))
<BR><BR>[Stack]<UL><LI>Max Depth = 360<LI>Call Chain = refr_size &rArr; get_row_height &rArr; lv_txt_get_size &rArr; _lv_txt_get_next_line &rArr; lv_font_get_glyph_width
</UL>
<BR>[Calls]<UL><LI><a href="#[235]">&gt;&gt;</a>&nbsp;&nbsp;&nbsp;lv_obj_refresh_self_size
<LI><a href="#[17a]">&gt;&gt;</a>&nbsp;&nbsp;&nbsp;lv_obj_get_style_prop
<LI><a href="#[1e2]">&gt;&gt;</a>&nbsp;&nbsp;&nbsp;get_row_height
</UL>
<BR>[Called By]<UL><LI><a href="#[351]">&gt;&gt;</a>&nbsp;&nbsp;&nbsp;lv_table_set_row_cnt
<LI><a href="#[350]">&gt;&gt;</a>&nbsp;&nbsp;&nbsp;lv_table_set_col_cnt
<LI><a href="#[34f]">&gt;&gt;</a>&nbsp;&nbsp;&nbsp;lv_table_set_cell_value
<LI><a href="#[df]">&gt;&gt;</a>&nbsp;&nbsp;&nbsp;lv_table_event
</UL>

<P><STRONG><a name="[55]"></a>cursor_blink_anim_cb</STRONG> (Thumb, 90 bytes, Stack size 16 bytes, lv_textarea.o(.text.cursor_blink_anim_cb))
<BR><BR>[Stack]<UL><LI>Max Depth = 128<LI>Call Chain = cursor_blink_anim_cb &rArr; lv_obj_invalidate_area &rArr; _lv_inv_area &rArr; _lv_area_is_in &rArr; _lv_area_is_point_on
</UL>
<BR>[Calls]<UL><LI><a href="#[1a4]">&gt;&gt;</a>&nbsp;&nbsp;&nbsp;lv_obj_invalidate_area
</UL>
<BR>[Address Reference Count : 4]<UL><LI> lv_textarea.o(.text.lv_textarea_set_cursor_pos)
<LI> lv_textarea.o(.text.lv_textarea_constructor)
<LI> lv_textarea.o(.text.lv_textarea_event)
<LI> lv_textarea.o(.text.label_event_cb)
</UL>
<P><STRONG><a name="[8b]"></a>label_event_cb</STRONG> (Thumb, 156 bytes, Stack size 88 bytes, lv_textarea.o(.text.label_event_cb))
<BR><BR>[Stack]<UL><LI>Max Depth = 488 + Unknown Stack Size
<LI>Call Chain = label_event_cb &rArr; lv_label_set_text &rArr; lv_label_refr_text &rArr; lv_label_get_letter_on &rArr; _lv_txt_get_next_line &rArr; lv_font_get_glyph_width
</UL>
<BR>[Calls]<UL><LI><a href="#[17a]">&gt;&gt;</a>&nbsp;&nbsp;&nbsp;lv_obj_get_style_prop
<LI><a href="#[168]">&gt;&gt;</a>&nbsp;&nbsp;&nbsp;lv_obj_get_parent
<LI><a href="#[19a]">&gt;&gt;</a>&nbsp;&nbsp;&nbsp;lv_event_get_target
<LI><a href="#[1a2]">&gt;&gt;</a>&nbsp;&nbsp;&nbsp;lv_event_get_code
<LI><a href="#[17e]">&gt;&gt;</a>&nbsp;&nbsp;&nbsp;lv_anim_start
<LI><a href="#[17d]">&gt;&gt;</a>&nbsp;&nbsp;&nbsp;lv_anim_init
<LI><a href="#[1fe]">&gt;&gt;</a>&nbsp;&nbsp;&nbsp;lv_anim_del
<LI><a href="#[1fc]">&gt;&gt;</a>&nbsp;&nbsp;&nbsp;lv_label_set_text
<LI><a href="#[1fd]">&gt;&gt;</a>&nbsp;&nbsp;&nbsp;refr_cursor_area
</UL>
<BR>[Address Reference Count : 1]<UL><LI> lv_textarea.o(.text.lv_textarea_constructor)
</UL>
<P><STRONG><a name="[e3]"></a>lv_textarea_constructor</STRONG> (Thumb, 234 bytes, Stack size 88 bytes, lv_textarea.o(.text.lv_textarea_constructor))
<BR><BR>[Stack]<UL><LI>Max Depth = 572 + Unknown Stack Size
<LI>Call Chain = lv_textarea_constructor &rArr; lv_textarea_set_cursor_pos &rArr; lv_obj_update_layout &rArr; layout_update_core &rArr;  layout_update_core (Cycle)
</UL>
<BR>[Calls]<UL><LI><a href="#[22d]">&gt;&gt;</a>&nbsp;&nbsp;&nbsp;lv_obj_set_width
<LI><a href="#[17a]">&gt;&gt;</a>&nbsp;&nbsp;&nbsp;lv_obj_get_style_prop
<LI><a href="#[196]">&gt;&gt;</a>&nbsp;&nbsp;&nbsp;lv_obj_add_flag
<LI><a href="#[22c]">&gt;&gt;</a>&nbsp;&nbsp;&nbsp;lv_obj_add_event_cb
<LI><a href="#[17e]">&gt;&gt;</a>&nbsp;&nbsp;&nbsp;lv_anim_start
<LI><a href="#[17d]">&gt;&gt;</a>&nbsp;&nbsp;&nbsp;lv_anim_init
<LI><a href="#[1fe]">&gt;&gt;</a>&nbsp;&nbsp;&nbsp;lv_anim_del
<LI><a href="#[1fc]">&gt;&gt;</a>&nbsp;&nbsp;&nbsp;lv_label_set_text
<LI><a href="#[29d]">&gt;&gt;</a>&nbsp;&nbsp;&nbsp;lv_textarea_set_cursor_pos
<LI><a href="#[26e]">&gt;&gt;</a>&nbsp;&nbsp;&nbsp;lv_label_create
</UL>
<BR>[Address Reference Count : 1]<UL><LI> lv_textarea.o(.rodata.lv_textarea_class)
</UL>
<P><STRONG><a name="[e4]"></a>lv_textarea_destructor</STRONG> (Thumb, 34 bytes, Stack size 8 bytes, lv_textarea.o(.text.lv_textarea_destructor))
<BR><BR>[Stack]<UL><LI>Max Depth = 52<LI>Call Chain = lv_textarea_destructor &rArr; lv_mem_free &rArr; lv_tlsf_free &rArr; block_merge_next
</UL>
<BR>[Calls]<UL><LI><a href="#[152]">&gt;&gt;</a>&nbsp;&nbsp;&nbsp;lv_mem_free
</UL>
<BR>[Address Reference Count : 1]<UL><LI> lv_textarea.o(.rodata.lv_textarea_class)
</UL>
<P><STRONG><a name="[e5]"></a>lv_textarea_event</STRONG> (Thumb, 1372 bytes, Stack size 152 bytes, lv_textarea.o(.text.lv_textarea_event))
<BR><BR>[Stack]<UL><LI>Max Depth = 852 + Unknown Stack Size
<LI>Call Chain = lv_textarea_event &rArr; lv_textarea_del_char &rArr; lv_textarea_add_text &rArr;  lv_textarea_add_text (Cycle)
</UL>
<BR>[Calls]<UL><LI><a href="#[1dc]">&gt;&gt;</a>&nbsp;&nbsp;&nbsp;lv_obj_get_coords
<LI><a href="#[1c3]">&gt;&gt;</a>&nbsp;&nbsp;&nbsp;lv_obj_init_draw_label_dsc
<LI><a href="#[1d7]">&gt;&gt;</a>&nbsp;&nbsp;&nbsp;lv_memcpy
<LI><a href="#[1c0]">&gt;&gt;</a>&nbsp;&nbsp;&nbsp;lv_obj_init_draw_rect_dsc
<LI><a href="#[52]">&gt;&gt;</a>&nbsp;&nbsp;&nbsp;lv_obj_get_width
<LI><a href="#[1bf]">&gt;&gt;</a>&nbsp;&nbsp;&nbsp;lv_draw_rect_dsc_init
<LI><a href="#[1c1]">&gt;&gt;</a>&nbsp;&nbsp;&nbsp;lv_draw_rect
<LI><a href="#[17a]">&gt;&gt;</a>&nbsp;&nbsp;&nbsp;lv_obj_get_style_prop
<LI><a href="#[204]">&gt;&gt;</a>&nbsp;&nbsp;&nbsp;lv_obj_clear_flag
<LI><a href="#[196]">&gt;&gt;</a>&nbsp;&nbsp;&nbsp;lv_obj_add_flag
<LI><a href="#[30a]">&gt;&gt;</a>&nbsp;&nbsp;&nbsp;lv_indev_get_vect
<LI><a href="#[20b]">&gt;&gt;</a>&nbsp;&nbsp;&nbsp;lv_indev_get_point
<LI><a href="#[197]">&gt;&gt;</a>&nbsp;&nbsp;&nbsp;lv_indev_get_type
<LI><a href="#[209]">&gt;&gt;</a>&nbsp;&nbsp;&nbsp;lv_obj_event_base
<LI><a href="#[167]">&gt;&gt;</a>&nbsp;&nbsp;&nbsp;lv_indev_get_act
<LI><a href="#[19a]">&gt;&gt;</a>&nbsp;&nbsp;&nbsp;lv_event_get_target
<LI><a href="#[1c6]">&gt;&gt;</a>&nbsp;&nbsp;&nbsp;lv_event_get_param
<LI><a href="#[20e]">&gt;&gt;</a>&nbsp;&nbsp;&nbsp;lv_event_get_draw_ctx
<LI><a href="#[1a2]">&gt;&gt;</a>&nbsp;&nbsp;&nbsp;lv_event_get_code
<LI><a href="#[193]">&gt;&gt;</a>&nbsp;&nbsp;&nbsp;lv_obj_invalidate
<LI><a href="#[172]">&gt;&gt;</a>&nbsp;&nbsp;&nbsp;lv_event_send
<LI><a href="#[17e]">&gt;&gt;</a>&nbsp;&nbsp;&nbsp;lv_anim_start
<LI><a href="#[17d]">&gt;&gt;</a>&nbsp;&nbsp;&nbsp;lv_anim_init
<LI><a href="#[1fe]">&gt;&gt;</a>&nbsp;&nbsp;&nbsp;lv_anim_del
<LI><a href="#[1b7]">&gt;&gt;</a>&nbsp;&nbsp;&nbsp;lv_draw_label_dsc_init
<LI><a href="#[1b8]">&gt;&gt;</a>&nbsp;&nbsp;&nbsp;lv_draw_label
<LI><a href="#[257]">&gt;&gt;</a>&nbsp;&nbsp;&nbsp;lv_area_move
<LI><a href="#[1c4]">&gt;&gt;</a>&nbsp;&nbsp;&nbsp;lv_label_get_text
<LI><a href="#[29d]">&gt;&gt;</a>&nbsp;&nbsp;&nbsp;lv_textarea_set_cursor_pos
<LI><a href="#[29a]">&gt;&gt;</a>&nbsp;&nbsp;&nbsp;lv_textarea_del_char
<LI><a href="#[296]">&gt;&gt;</a>&nbsp;&nbsp;&nbsp;lv_textarea_add_char
<LI><a href="#[2a6]">&gt;&gt;</a>&nbsp;&nbsp;&nbsp;lv_label_is_char_under_pos
<LI><a href="#[2a4]">&gt;&gt;</a>&nbsp;&nbsp;&nbsp;lv_label_get_letter_pos
<LI><a href="#[2a2]">&gt;&gt;</a>&nbsp;&nbsp;&nbsp;lv_label_get_letter_on
<LI><a href="#[359]">&gt;&gt;</a>&nbsp;&nbsp;&nbsp;lv_textarea_cursor_down
</UL>
<BR>[Address Reference Count : 1]<UL><LI> lv_textarea.o(.rodata.lv_textarea_class)
</UL>
<P><STRONG><a name="[355]"></a>pwd_char_hider</STRONG> (Thumb, 168 bytes, Stack size 56 bytes, lv_textarea.o(.text.pwd_char_hider))
<BR><BR>[Stack]<UL><LI>Max Depth = 456 + Unknown Stack Size
<LI>Call Chain = pwd_char_hider &rArr; lv_label_set_text &rArr; lv_label_refr_text &rArr; lv_label_get_letter_on &rArr; _lv_txt_get_next_line &rArr; lv_font_get_glyph_width
</UL>
<BR>[Calls]<UL><LI><a href="#[1d7]">&gt;&gt;</a>&nbsp;&nbsp;&nbsp;lv_memcpy
<LI><a href="#[1b0]">&gt;&gt;</a>&nbsp;&nbsp;&nbsp;lv_mem_buf_release
<LI><a href="#[1a9]">&gt;&gt;</a>&nbsp;&nbsp;&nbsp;lv_mem_buf_get
<LI><a href="#[17a]">&gt;&gt;</a>&nbsp;&nbsp;&nbsp;lv_obj_get_style_prop
<LI><a href="#[259]">&gt;&gt;</a>&nbsp;&nbsp;&nbsp;lv_font_get_glyph_dsc
<LI><a href="#[1fc]">&gt;&gt;</a>&nbsp;&nbsp;&nbsp;lv_label_set_text
<LI><a href="#[1c4]">&gt;&gt;</a>&nbsp;&nbsp;&nbsp;lv_label_get_text
<LI><a href="#[1fd]">&gt;&gt;</a>&nbsp;&nbsp;&nbsp;refr_cursor_area
</UL>
<BR>[Called By]<UL><LI><a href="#[31d]">&gt;&gt;</a>&nbsp;&nbsp;&nbsp;lv_textarea_set_text
<LI><a href="#[295]">&gt;&gt;</a>&nbsp;&nbsp;&nbsp;lv_textarea_add_text
<LI><a href="#[296]">&gt;&gt;</a>&nbsp;&nbsp;&nbsp;lv_textarea_add_char
<LI><a href="#[8a]">&gt;&gt;</a>&nbsp;&nbsp;&nbsp;pwd_char_hider_anim_ready
</UL>

<P><STRONG><a name="[89]"></a>pwd_char_hider_anim</STRONG> (Thumb, 2 bytes, Stack size 0 bytes, lv_textarea.o(.text.pwd_char_hider_anim))
<BR>[Address Reference Count : 3]<UL><LI> lv_textarea.o(.text.lv_textarea_set_text)
<LI> lv_textarea.o(.text.lv_textarea_add_char)
<LI> lv_textarea.o(.text.lv_textarea_add_text)
</UL>
<P><STRONG><a name="[8a]"></a>pwd_char_hider_anim_ready</STRONG> (Thumb, 6 bytes, Stack size 0 bytes, lv_textarea.o(.text.pwd_char_hider_anim_ready))
<BR><BR>[Stack]<UL><LI>Max Depth = 456 + Unknown Stack Size
<LI>Call Chain = pwd_char_hider_anim_ready &rArr; pwd_char_hider &rArr; lv_label_set_text &rArr; lv_label_refr_text &rArr; lv_label_get_letter_on &rArr; _lv_txt_get_next_line &rArr; lv_font_get_glyph_width
</UL>
<BR>[Calls]<UL><LI><a href="#[355]">&gt;&gt;</a>&nbsp;&nbsp;&nbsp;pwd_char_hider
</UL>
<BR>[Address Reference Count : 3]<UL><LI> lv_textarea.o(.text.lv_textarea_set_text)
<LI> lv_textarea.o(.text.lv_textarea_add_char)
<LI> lv_textarea.o(.text.lv_textarea_add_text)
</UL>
<P><STRONG><a name="[1fd]"></a>refr_cursor_area</STRONG> (Thumb, 556 bytes, Stack size 64 bytes, lv_textarea.o(.text.refr_cursor_area))
<BR><BR>[Stack]<UL><LI>Max Depth = 296<LI>Call Chain = refr_cursor_area &rArr; lv_label_get_letter_pos &rArr; _lv_txt_get_next_line &rArr; lv_font_get_glyph_width
</UL>
<BR>[Calls]<UL><LI><a href="#[26a]">&gt;&gt;</a>&nbsp;&nbsp;&nbsp;lv_obj_calculate_style_text_align
<LI><a href="#[1a4]">&gt;&gt;</a>&nbsp;&nbsp;&nbsp;lv_obj_invalidate_area
<LI><a href="#[17a]">&gt;&gt;</a>&nbsp;&nbsp;&nbsp;lv_obj_get_style_prop
<LI><a href="#[186]">&gt;&gt;</a>&nbsp;&nbsp;&nbsp;lv_font_get_glyph_width
<LI><a href="#[1c4]">&gt;&gt;</a>&nbsp;&nbsp;&nbsp;lv_label_get_text
<LI><a href="#[2a4]">&gt;&gt;</a>&nbsp;&nbsp;&nbsp;lv_label_get_letter_pos
</UL>
<BR>[Called By]<UL><LI><a href="#[29d]">&gt;&gt;</a>&nbsp;&nbsp;&nbsp;lv_textarea_set_cursor_pos
<LI><a href="#[355]">&gt;&gt;</a>&nbsp;&nbsp;&nbsp;pwd_char_hider
<LI><a href="#[8b]">&gt;&gt;</a>&nbsp;&nbsp;&nbsp;label_event_cb
</UL>

<P><STRONG><a name="[97]"></a>arc_set_end_angle_anim</STRONG> (Thumb, 6 bytes, Stack size 0 bytes, lv_demo_stress.o(.text.arc_set_end_angle_anim))
<BR><BR>[Stack]<UL><LI>Max Depth = 236<LI>Call Chain = arc_set_end_angle_anim &rArr; lv_arc_set_end_angle &rArr; inv_arc_area &rArr; get_center &rArr; lv_obj_get_style_prop &rArr;  lv_obj_get_style_prop (Cycle)
</UL>
<BR>[Calls]<UL><LI><a href="#[18f]">&gt;&gt;</a>&nbsp;&nbsp;&nbsp;lv_arc_set_end_angle
</UL>
<BR>[Address Reference Count : 1]<UL><LI> lv_demo_stress.o(.text.obj_test_task_cb)
</UL>
<P><STRONG><a name="[98]"></a>msgbox_del</STRONG> (Thumb, 6 bytes, Stack size 0 bytes, lv_demo_stress.o(.text.msgbox_del))
<BR><BR>[Stack]<UL><LI>Max Depth = 300 + Unknown Stack Size
<LI>Call Chain = msgbox_del &rArr; lv_msgbox_close &rArr; lv_obj_del &rArr; lv_obj_scrollbar_invalidate &rArr; lv_obj_get_scrollbar_area &rArr; lv_obj_get_scroll_left &rArr; lv_obj_get_style_prop &rArr;  lv_obj_get_style_prop (Cycle)
</UL>
<BR>[Calls]<UL><LI><a href="#[2c3]">&gt;&gt;</a>&nbsp;&nbsp;&nbsp;lv_msgbox_close
</UL>
<BR>[Address Reference Count : 1]<UL><LI> lv_demo_stress.o(.text.obj_test_task_cb)
</UL>
<P><STRONG><a name="[5e]"></a>obj_test_task_cb</STRONG> (Thumb, 3132 bytes, Stack size 176 bytes, lv_demo_stress.o(.text.obj_test_task_cb))
<BR><BR>[Stack]<UL><LI>Max Depth = 948 + Unknown Stack Size
<LI>Call Chain = obj_test_task_cb &rArr; lv_spinbox_set_digit_format &rArr; lv_spinbox_updatevalue &rArr; lv_textarea_set_text &rArr; lv_textarea_add_char &rArr;  lv_textarea_add_text (Cycle)
</UL>
<BR>[Calls]<UL><LI><a href="#[2fe]">&gt;&gt;</a>&nbsp;&nbsp;&nbsp;lv_obj_set_style_anim_time
<LI><a href="#[2f1]">&gt;&gt;</a>&nbsp;&nbsp;&nbsp;lv_obj_scroll_to_view
<LI><a href="#[2ad]">&gt;&gt;</a>&nbsp;&nbsp;&nbsp;lv_obj_set_size
<LI><a href="#[267]">&gt;&gt;</a>&nbsp;&nbsp;&nbsp;lv_obj_align_to
<LI><a href="#[26b]">&gt;&gt;</a>&nbsp;&nbsp;&nbsp;lv_obj_align
<LI><a href="#[53]">&gt;&gt;</a>&nbsp;&nbsp;&nbsp;lv_obj_get_height
<LI><a href="#[249]">&gt;&gt;</a>&nbsp;&nbsp;&nbsp;lv_obj_create
<LI><a href="#[262]">&gt;&gt;</a>&nbsp;&nbsp;&nbsp;lv_obj_add_state
<LI><a href="#[16f]">&gt;&gt;</a>&nbsp;&nbsp;&nbsp;lv_obj_scroll_by
<LI><a href="#[25f]">&gt;&gt;</a>&nbsp;&nbsp;&nbsp;lv_obj_del
<LI><a href="#[14a]">&gt;&gt;</a>&nbsp;&nbsp;&nbsp;lv_disp_get_ver_res
<LI><a href="#[1ef]">&gt;&gt;</a>&nbsp;&nbsp;&nbsp;lv_disp_get_scr_act
<LI><a href="#[149]">&gt;&gt;</a>&nbsp;&nbsp;&nbsp;lv_disp_get_hor_res
<LI><a href="#[143]">&gt;&gt;</a>&nbsp;&nbsp;&nbsp;lv_disp_get_default
<LI><a href="#[17e]">&gt;&gt;</a>&nbsp;&nbsp;&nbsp;lv_anim_start
<LI><a href="#[17d]">&gt;&gt;</a>&nbsp;&nbsp;&nbsp;lv_anim_init
<LI><a href="#[22e]">&gt;&gt;</a>&nbsp;&nbsp;&nbsp;lv_obj_set_flex_flow
<LI><a href="#[1c8]">&gt;&gt;</a>&nbsp;&nbsp;&nbsp;lv_palette_main
<LI><a href="#[19f]">&gt;&gt;</a>&nbsp;&nbsp;&nbsp;lv_obj_get_child
<LI><a href="#[2d9]">&gt;&gt;</a>&nbsp;&nbsp;&nbsp;lv_obj_del_async
<LI><a href="#[2d4]">&gt;&gt;</a>&nbsp;&nbsp;&nbsp;lv_obj_clean
<LI><a href="#[2ff]">&gt;&gt;</a>&nbsp;&nbsp;&nbsp;lv_obj_set_style_bg_img_src
<LI><a href="#[13b]">&gt;&gt;</a>&nbsp;&nbsp;&nbsp;lv_timer_create
<LI><a href="#[367]">&gt;&gt;</a>&nbsp;&nbsp;&nbsp;lv_win_get_content
<LI><a href="#[366]">&gt;&gt;</a>&nbsp;&nbsp;&nbsp;lv_win_create
<LI><a href="#[365]">&gt;&gt;</a>&nbsp;&nbsp;&nbsp;lv_win_add_title
<LI><a href="#[364]">&gt;&gt;</a>&nbsp;&nbsp;&nbsp;lv_win_add_btn
<LI><a href="#[35e]">&gt;&gt;</a>&nbsp;&nbsp;&nbsp;lv_tileview_create
<LI><a href="#[35d]">&gt;&gt;</a>&nbsp;&nbsp;&nbsp;lv_tileview_add_tile
<LI><a href="#[302]">&gt;&gt;</a>&nbsp;&nbsp;&nbsp;lv_obj_set_tile_id
<LI><a href="#[19c]">&gt;&gt;</a>&nbsp;&nbsp;&nbsp;lv_tabview_set_act
<LI><a href="#[354]">&gt;&gt;</a>&nbsp;&nbsp;&nbsp;lv_tabview_create
<LI><a href="#[353]">&gt;&gt;</a>&nbsp;&nbsp;&nbsp;lv_tabview_add_tab
<LI><a href="#[31d]">&gt;&gt;</a>&nbsp;&nbsp;&nbsp;lv_textarea_set_text
<LI><a href="#[314]">&gt;&gt;</a>&nbsp;&nbsp;&nbsp;lv_textarea_set_one_line
<LI><a href="#[31c]">&gt;&gt;</a>&nbsp;&nbsp;&nbsp;lv_spinbox_set_value
<LI><a href="#[31b]">&gt;&gt;</a>&nbsp;&nbsp;&nbsp;lv_spinbox_set_step
<LI><a href="#[31a]">&gt;&gt;</a>&nbsp;&nbsp;&nbsp;lv_spinbox_set_digit_format
<LI><a href="#[319]">&gt;&gt;</a>&nbsp;&nbsp;&nbsp;lv_spinbox_increment
<LI><a href="#[317]">&gt;&gt;</a>&nbsp;&nbsp;&nbsp;lv_spinbox_create
<LI><a href="#[2c4]">&gt;&gt;</a>&nbsp;&nbsp;&nbsp;lv_msgbox_create
<LI><a href="#[2c2]">&gt;&gt;</a>&nbsp;&nbsp;&nbsp;lv_meter_create
<LI><a href="#[2c1]">&gt;&gt;</a>&nbsp;&nbsp;&nbsp;lv_meter_add_scale
<LI><a href="#[2c0]">&gt;&gt;</a>&nbsp;&nbsp;&nbsp;lv_meter_add_needle_line
<LI><a href="#[2ae]">&gt;&gt;</a>&nbsp;&nbsp;&nbsp;lv_list_create
<LI><a href="#[2ac]">&gt;&gt;</a>&nbsp;&nbsp;&nbsp;lv_list_add_btn
<LI><a href="#[1fc]">&gt;&gt;</a>&nbsp;&nbsp;&nbsp;lv_label_set_text
<LI><a href="#[29d]">&gt;&gt;</a>&nbsp;&nbsp;&nbsp;lv_textarea_set_cursor_pos
<LI><a href="#[295]">&gt;&gt;</a>&nbsp;&nbsp;&nbsp;lv_textarea_add_text
<LI><a href="#[296]">&gt;&gt;</a>&nbsp;&nbsp;&nbsp;lv_textarea_add_char
<LI><a href="#[29e]">&gt;&gt;</a>&nbsp;&nbsp;&nbsp;lv_keyboard_set_mode
<LI><a href="#[294]">&gt;&gt;</a>&nbsp;&nbsp;&nbsp;lv_keyboard_create
<LI><a href="#[23f]">&gt;&gt;</a>&nbsp;&nbsp;&nbsp;lv_colorwheel_create
<LI><a href="#[23a]">&gt;&gt;</a>&nbsp;&nbsp;&nbsp;lv_chart_set_next_value
<LI><a href="#[233]">&gt;&gt;</a>&nbsp;&nbsp;&nbsp;lv_chart_create
<LI><a href="#[232]">&gt;&gt;</a>&nbsp;&nbsp;&nbsp;lv_chart_add_series
<LI><a href="#[26d]">&gt;&gt;</a>&nbsp;&nbsp;&nbsp;lv_dropdown_set_selected
<LI><a href="#[26c]">&gt;&gt;</a>&nbsp;&nbsp;&nbsp;lv_dropdown_set_options
<LI><a href="#[25e]">&gt;&gt;</a>&nbsp;&nbsp;&nbsp;lv_dropdown_create
<LI><a href="#[2a9]">&gt;&gt;</a>&nbsp;&nbsp;&nbsp;lv_label_set_text_fmt
<LI><a href="#[26e]">&gt;&gt;</a>&nbsp;&nbsp;&nbsp;lv_label_create
<LI><a href="#[21f]">&gt;&gt;</a>&nbsp;&nbsp;&nbsp;lv_btn_create
<LI><a href="#[231]">&gt;&gt;</a>&nbsp;&nbsp;&nbsp;lv_calendar_create
<LI><a href="#[30f]">&gt;&gt;</a>&nbsp;&nbsp;&nbsp;lv_slider_create
<LI><a href="#[30e]">&gt;&gt;</a>&nbsp;&nbsp;&nbsp;lv_roller_set_selected
<LI><a href="#[30d]">&gt;&gt;</a>&nbsp;&nbsp;&nbsp;lv_roller_set_options
<LI><a href="#[309]">&gt;&gt;</a>&nbsp;&nbsp;&nbsp;lv_roller_create
<LI><a href="#[194]">&gt;&gt;</a>&nbsp;&nbsp;&nbsp;lv_dropdown_open
<LI><a href="#[23c]">&gt;&gt;</a>&nbsp;&nbsp;&nbsp;lv_checkbox_set_text
<LI><a href="#[23b]">&gt;&gt;</a>&nbsp;&nbsp;&nbsp;lv_checkbox_create
<LI><a href="#[21e]">&gt;&gt;</a>&nbsp;&nbsp;&nbsp;lv_bar_set_value
<LI><a href="#[21c]">&gt;&gt;</a>&nbsp;&nbsp;&nbsp;lv_bar_set_start_value
<LI><a href="#[21b]">&gt;&gt;</a>&nbsp;&nbsp;&nbsp;lv_bar_set_range
<LI><a href="#[219]">&gt;&gt;</a>&nbsp;&nbsp;&nbsp;lv_bar_create
<LI><a href="#[206]">&gt;&gt;</a>&nbsp;&nbsp;&nbsp;lv_arc_create
<LI><a href="#[2b8]">&gt;&gt;</a>&nbsp;&nbsp;&nbsp;lv_mem_test
<LI><a href="#[2b4]">&gt;&gt;</a>&nbsp;&nbsp;&nbsp;lv_mem_monitor
<LI><a href="#[218]">&gt;&gt;</a>&nbsp;&nbsp;&nbsp;lv_timer_set_repeat_count
<LI><a href="#[35b]">&gt;&gt;</a>&nbsp;&nbsp;&nbsp;lv_textarea_set_placeholder_text
<LI><a href="#[35a]">&gt;&gt;</a>&nbsp;&nbsp;&nbsp;lv_textarea_del_char_forward
<LI><a href="#[358]">&gt;&gt;</a>&nbsp;&nbsp;&nbsp;lv_textarea_create
<LI><a href="#[351]">&gt;&gt;</a>&nbsp;&nbsp;&nbsp;lv_table_set_row_cnt
<LI><a href="#[352]">&gt;&gt;</a>&nbsp;&nbsp;&nbsp;lv_table_set_cell_value_fmt
<LI><a href="#[34f]">&gt;&gt;</a>&nbsp;&nbsp;&nbsp;lv_table_set_cell_value
<LI><a href="#[34d]">&gt;&gt;</a>&nbsp;&nbsp;&nbsp;lv_table_create
<LI><a href="#[34c]">&gt;&gt;</a>&nbsp;&nbsp;&nbsp;lv_switch_create
</UL>
<BR>[Address Reference Count : 1]<UL><LI> lv_demo_stress.o(.text.lv_demo_stress)
</UL>
<P><STRONG><a name="[95]"></a>set_width_anim</STRONG> (Thumb, 6 bytes, Stack size 0 bytes, lv_demo_stress.o(.text.set_width_anim))
<BR><BR>[Stack]<UL><LI>Max Depth = 224 + Unknown Stack Size
<LI>Call Chain = set_width_anim &rArr; lv_obj_set_width &rArr; lv_obj_set_style_width &rArr; lv_obj_set_local_style_prop &rArr; lv_obj_refresh_style &rArr; refresh_children_style &rArr;  refresh_children_style (Cycle)
</UL>
<BR>[Calls]<UL><LI><a href="#[22d]">&gt;&gt;</a>&nbsp;&nbsp;&nbsp;lv_obj_set_width
</UL>
<BR>[Address Reference Count : 1]<UL><LI> lv_demo_stress.o(.text.obj_test_task_cb)
</UL>
<P><STRONG><a name="[96]"></a>set_y_anim</STRONG> (Thumb, 6 bytes, Stack size 0 bytes, lv_demo_stress.o(.text.set_y_anim))
<BR><BR>[Stack]<UL><LI>Max Depth = 224 + Unknown Stack Size
<LI>Call Chain = set_y_anim &rArr; lv_obj_set_y &rArr; lv_obj_set_style_y &rArr; lv_obj_set_local_style_prop &rArr; lv_obj_refresh_style &rArr; refresh_children_style &rArr;  refresh_children_style (Cycle)
</UL>
<BR>[Calls]<UL><LI><a href="#[1f3]">&gt;&gt;</a>&nbsp;&nbsp;&nbsp;lv_obj_set_y
</UL>
<BR>[Address Reference Count : 1]<UL><LI> lv_demo_stress.o(.text.obj_test_task_cb)
</UL><P>
<H3>
Undefined Global Symbols
</H3><HR></body></html>
